// Vitest Snapshot v1, https://vitest.dev/guide/snapshot.html

exports[`Linearizer Golden Master Regression > should produce consistent output for template: gym_monday_p1 1`] = `
[
  {
    "blockIndex": 0,
    "blockName": "Warmup",
    "drillCount": 3,
    "id": 0,
    "rounds": 2,
    "totalBlocks": 3,
    "type": "block_start",
  },
  {
    "blockIndex": 0,
    "blockName": "Warmup",
    "drillIndex": 0,
    "duration": 45,
    "exerciseId": "cat_cow",
    "exerciseName": "Cat-Cow Stretch",
    "id": 1,
    "instruction": "Move spine rhythmically. Breathe deeply.",
    "round": 1,
    "totalDrills": 3,
    "totalRounds": 2,
    "type": "work",
    "visualRef": "cat_cow.png",
  },
  {
    "blockIndex": 0,
    "blockName": "Warmup",
    "duration": 15,
    "id": 2,
    "isRoundTransition": false,
    "nextExercise": "Dynamic Hamstring Scoop",
    "round": 1,
    "totalRounds": 2,
    "type": "rest",
  },
  {
    "blockIndex": 0,
    "blockName": "Warmup",
    "drillIndex": 1,
    "duration": 45,
    "exerciseId": "dyn_ham_scoop",
    "exerciseName": "Dynamic Hamstring Scoop",
    "id": 3,
    "instruction": "Step forward, heel down, scoop ground.",
    "round": 1,
    "totalDrills": 3,
    "totalRounds": 2,
    "type": "work",
    "visualRef": "ham_scoop.png",
  },
  {
    "blockIndex": 0,
    "blockName": "Warmup",
    "duration": 15,
    "id": 4,
    "isRoundTransition": false,
    "nextExercise": "Dynamic Hip Opener",
    "round": 1,
    "totalRounds": 2,
    "type": "rest",
  },
  {
    "blockIndex": 0,
    "blockName": "Warmup",
    "drillIndex": 2,
    "duration": 45,
    "exerciseId": "hip_opener",
    "exerciseName": "Dynamic Hip Opener",
    "id": 5,
    "instruction": "Deep lunge, rotate torso toward front knee.",
    "round": 1,
    "totalDrills": 3,
    "totalRounds": 2,
    "type": "work",
    "visualRef": "hip_opener.png",
  },
  {
    "blockIndex": 0,
    "blockName": "Warmup",
    "duration": 15,
    "id": 6,
    "isRoundTransition": true,
    "nextExercise": "Cat-Cow Stretch",
    "round": 1,
    "totalRounds": 2,
    "type": "rest",
  },
  {
    "blockIndex": 0,
    "blockName": "Warmup",
    "drillIndex": 0,
    "duration": 45,
    "exerciseId": "cat_cow",
    "exerciseName": "Cat-Cow Stretch",
    "id": 7,
    "instruction": "Move spine rhythmically. Breathe deeply.",
    "round": 2,
    "totalDrills": 3,
    "totalRounds": 2,
    "type": "work",
    "visualRef": "cat_cow.png",
  },
  {
    "blockIndex": 0,
    "blockName": "Warmup",
    "duration": 15,
    "id": 8,
    "isRoundTransition": false,
    "nextExercise": "Dynamic Hamstring Scoop",
    "round": 2,
    "totalRounds": 2,
    "type": "rest",
  },
  {
    "blockIndex": 0,
    "blockName": "Warmup",
    "drillIndex": 1,
    "duration": 45,
    "exerciseId": "dyn_ham_scoop",
    "exerciseName": "Dynamic Hamstring Scoop",
    "id": 9,
    "instruction": "Step forward, heel down, scoop ground.",
    "round": 2,
    "totalDrills": 3,
    "totalRounds": 2,
    "type": "work",
    "visualRef": "ham_scoop.png",
  },
  {
    "blockIndex": 0,
    "blockName": "Warmup",
    "duration": 15,
    "id": 10,
    "isRoundTransition": false,
    "nextExercise": "Dynamic Hip Opener",
    "round": 2,
    "totalRounds": 2,
    "type": "rest",
  },
  {
    "blockIndex": 0,
    "blockName": "Warmup",
    "drillIndex": 2,
    "duration": 45,
    "exerciseId": "hip_opener",
    "exerciseName": "Dynamic Hip Opener",
    "id": 11,
    "instruction": "Deep lunge, rotate torso toward front knee.",
    "round": 2,
    "totalDrills": 3,
    "totalRounds": 2,
    "type": "work",
    "visualRef": "hip_opener.png",
  },
  {
    "blockIndex": 0,
    "blockName": "Warmup",
    "duration": 30,
    "id": 12,
    "nextExercise": "Tempo Goblet Squat",
    "type": "block_rest",
  },
  {
    "blockIndex": 1,
    "blockName": "Circuit",
    "drillCount": 4,
    "id": 13,
    "rounds": 4,
    "totalBlocks": 3,
    "type": "block_start",
  },
  {
    "blockIndex": 1,
    "blockName": "Circuit",
    "drillIndex": 0,
    "duration": 50,
    "exerciseId": "goblet_sq_tempo",
    "exerciseName": "Tempo Goblet Squat",
    "id": 14,
    "instruction": "4s down, 1s hold at bottom. Focus on depth.",
    "round": 1,
    "totalDrills": 4,
    "totalRounds": 4,
    "type": "work",
    "visualRef": "goblet_sq.png",
  },
  {
    "blockIndex": 1,
    "blockName": "Circuit",
    "duration": 40,
    "id": 15,
    "isRoundTransition": false,
    "nextExercise": "Romanian Deadlift",
    "round": 1,
    "totalRounds": 4,
    "type": "rest",
  },
  {
    "blockIndex": 1,
    "blockName": "Circuit",
    "drillIndex": 1,
    "duration": 50,
    "exerciseId": "rdl_heavy",
    "exerciseName": "Romanian Deadlift",
    "id": 16,
    "instruction": "Hinge hips back. Feel the hamstring stretch.",
    "round": 1,
    "totalDrills": 4,
    "totalRounds": 4,
    "type": "work",
    "visualRef": "rdl.png",
  },
  {
    "blockIndex": 1,
    "blockName": "Circuit",
    "duration": 40,
    "id": 17,
    "isRoundTransition": false,
    "nextExercise": "Bulgarian Split Squat",
    "round": 1,
    "totalRounds": 4,
    "type": "rest",
  },
  {
    "blockIndex": 1,
    "blockName": "Circuit",
    "drillIndex": 2,
    "duration": 50,
    "exerciseId": "bulgarian_ss",
    "exerciseName": "Bulgarian Split Squat",
    "id": 18,
    "instruction": "Back foot on bench. Control the descent.",
    "round": 1,
    "totalDrills": 4,
    "totalRounds": 4,
    "type": "work",
    "visualRef": "bulgarian.png",
  },
  {
    "blockIndex": 1,
    "blockName": "Circuit",
    "duration": 40,
    "id": 19,
    "isRoundTransition": false,
    "nextExercise": "Pallof Press",
    "round": 1,
    "totalRounds": 4,
    "type": "rest",
  },
  {
    "blockIndex": 1,
    "blockName": "Circuit",
    "drillIndex": 3,
    "duration": 50,
    "exerciseId": "pallof_press",
    "exerciseName": "Pallof Press",
    "id": 20,
    "instruction": "Hold cable at chest, push out, resist rotation.",
    "round": 1,
    "totalDrills": 4,
    "totalRounds": 4,
    "type": "work",
    "visualRef": "pallof.png",
  },
  {
    "blockIndex": 1,
    "blockName": "Circuit",
    "duration": 40,
    "id": 21,
    "isRoundTransition": true,
    "nextExercise": "Tempo Goblet Squat",
    "round": 1,
    "totalRounds": 4,
    "type": "rest",
  },
  {
    "blockIndex": 1,
    "blockName": "Circuit",
    "drillIndex": 0,
    "duration": 50,
    "exerciseId": "goblet_sq_tempo",
    "exerciseName": "Tempo Goblet Squat",
    "id": 22,
    "instruction": "4s down, 1s hold at bottom. Focus on depth.",
    "round": 2,
    "totalDrills": 4,
    "totalRounds": 4,
    "type": "work",
    "visualRef": "goblet_sq.png",
  },
  {
    "blockIndex": 1,
    "blockName": "Circuit",
    "duration": 40,
    "id": 23,
    "isRoundTransition": false,
    "nextExercise": "Romanian Deadlift",
    "round": 2,
    "totalRounds": 4,
    "type": "rest",
  },
  {
    "blockIndex": 1,
    "blockName": "Circuit",
    "drillIndex": 1,
    "duration": 50,
    "exerciseId": "rdl_heavy",
    "exerciseName": "Romanian Deadlift",
    "id": 24,
    "instruction": "Hinge hips back. Feel the hamstring stretch.",
    "round": 2,
    "totalDrills": 4,
    "totalRounds": 4,
    "type": "work",
    "visualRef": "rdl.png",
  },
  {
    "blockIndex": 1,
    "blockName": "Circuit",
    "duration": 40,
    "id": 25,
    "isRoundTransition": false,
    "nextExercise": "Bulgarian Split Squat",
    "round": 2,
    "totalRounds": 4,
    "type": "rest",
  },
  {
    "blockIndex": 1,
    "blockName": "Circuit",
    "drillIndex": 2,
    "duration": 50,
    "exerciseId": "bulgarian_ss",
    "exerciseName": "Bulgarian Split Squat",
    "id": 26,
    "instruction": "Back foot on bench. Control the descent.",
    "round": 2,
    "totalDrills": 4,
    "totalRounds": 4,
    "type": "work",
    "visualRef": "bulgarian.png",
  },
  {
    "blockIndex": 1,
    "blockName": "Circuit",
    "duration": 40,
    "id": 27,
    "isRoundTransition": false,
    "nextExercise": "Pallof Press",
    "round": 2,
    "totalRounds": 4,
    "type": "rest",
  },
  {
    "blockIndex": 1,
    "blockName": "Circuit",
    "drillIndex": 3,
    "duration": 50,
    "exerciseId": "pallof_press",
    "exerciseName": "Pallof Press",
    "id": 28,
    "instruction": "Hold cable at chest, push out, resist rotation.",
    "round": 2,
    "totalDrills": 4,
    "totalRounds": 4,
    "type": "work",
    "visualRef": "pallof.png",
  },
  {
    "blockIndex": 1,
    "blockName": "Circuit",
    "duration": 40,
    "id": 29,
    "isRoundTransition": true,
    "nextExercise": "Tempo Goblet Squat",
    "round": 2,
    "totalRounds": 4,
    "type": "rest",
  },
  {
    "blockIndex": 1,
    "blockName": "Circuit",
    "drillIndex": 0,
    "duration": 50,
    "exerciseId": "goblet_sq_tempo",
    "exerciseName": "Tempo Goblet Squat",
    "id": 30,
    "instruction": "4s down, 1s hold at bottom. Focus on depth.",
    "round": 3,
    "totalDrills": 4,
    "totalRounds": 4,
    "type": "work",
    "visualRef": "goblet_sq.png",
  },
  {
    "blockIndex": 1,
    "blockName": "Circuit",
    "duration": 40,
    "id": 31,
    "isRoundTransition": false,
    "nextExercise": "Romanian Deadlift",
    "round": 3,
    "totalRounds": 4,
    "type": "rest",
  },
  {
    "blockIndex": 1,
    "blockName": "Circuit",
    "drillIndex": 1,
    "duration": 50,
    "exerciseId": "rdl_heavy",
    "exerciseName": "Romanian Deadlift",
    "id": 32,
    "instruction": "Hinge hips back. Feel the hamstring stretch.",
    "round": 3,
    "totalDrills": 4,
    "totalRounds": 4,
    "type": "work",
    "visualRef": "rdl.png",
  },
  {
    "blockIndex": 1,
    "blockName": "Circuit",
    "duration": 40,
    "id": 33,
    "isRoundTransition": false,
    "nextExercise": "Bulgarian Split Squat",
    "round": 3,
    "totalRounds": 4,
    "type": "rest",
  },
  {
    "blockIndex": 1,
    "blockName": "Circuit",
    "drillIndex": 2,
    "duration": 50,
    "exerciseId": "bulgarian_ss",
    "exerciseName": "Bulgarian Split Squat",
    "id": 34,
    "instruction": "Back foot on bench. Control the descent.",
    "round": 3,
    "totalDrills": 4,
    "totalRounds": 4,
    "type": "work",
    "visualRef": "bulgarian.png",
  },
  {
    "blockIndex": 1,
    "blockName": "Circuit",
    "duration": 40,
    "id": 35,
    "isRoundTransition": false,
    "nextExercise": "Pallof Press",
    "round": 3,
    "totalRounds": 4,
    "type": "rest",
  },
  {
    "blockIndex": 1,
    "blockName": "Circuit",
    "drillIndex": 3,
    "duration": 50,
    "exerciseId": "pallof_press",
    "exerciseName": "Pallof Press",
    "id": 36,
    "instruction": "Hold cable at chest, push out, resist rotation.",
    "round": 3,
    "totalDrills": 4,
    "totalRounds": 4,
    "type": "work",
    "visualRef": "pallof.png",
  },
  {
    "blockIndex": 1,
    "blockName": "Circuit",
    "duration": 40,
    "id": 37,
    "isRoundTransition": true,
    "nextExercise": "Tempo Goblet Squat",
    "round": 3,
    "totalRounds": 4,
    "type": "rest",
  },
  {
    "blockIndex": 1,
    "blockName": "Circuit",
    "drillIndex": 0,
    "duration": 50,
    "exerciseId": "goblet_sq_tempo",
    "exerciseName": "Tempo Goblet Squat",
    "id": 38,
    "instruction": "4s down, 1s hold at bottom. Focus on depth.",
    "round": 4,
    "totalDrills": 4,
    "totalRounds": 4,
    "type": "work",
    "visualRef": "goblet_sq.png",
  },
  {
    "blockIndex": 1,
    "blockName": "Circuit",
    "duration": 40,
    "id": 39,
    "isRoundTransition": false,
    "nextExercise": "Romanian Deadlift",
    "round": 4,
    "totalRounds": 4,
    "type": "rest",
  },
  {
    "blockIndex": 1,
    "blockName": "Circuit",
    "drillIndex": 1,
    "duration": 50,
    "exerciseId": "rdl_heavy",
    "exerciseName": "Romanian Deadlift",
    "id": 40,
    "instruction": "Hinge hips back. Feel the hamstring stretch.",
    "round": 4,
    "totalDrills": 4,
    "totalRounds": 4,
    "type": "work",
    "visualRef": "rdl.png",
  },
  {
    "blockIndex": 1,
    "blockName": "Circuit",
    "duration": 40,
    "id": 41,
    "isRoundTransition": false,
    "nextExercise": "Bulgarian Split Squat",
    "round": 4,
    "totalRounds": 4,
    "type": "rest",
  },
  {
    "blockIndex": 1,
    "blockName": "Circuit",
    "drillIndex": 2,
    "duration": 50,
    "exerciseId": "bulgarian_ss",
    "exerciseName": "Bulgarian Split Squat",
    "id": 42,
    "instruction": "Back foot on bench. Control the descent.",
    "round": 4,
    "totalDrills": 4,
    "totalRounds": 4,
    "type": "work",
    "visualRef": "bulgarian.png",
  },
  {
    "blockIndex": 1,
    "blockName": "Circuit",
    "duration": 40,
    "id": 43,
    "isRoundTransition": false,
    "nextExercise": "Pallof Press",
    "round": 4,
    "totalRounds": 4,
    "type": "rest",
  },
  {
    "blockIndex": 1,
    "blockName": "Circuit",
    "drillIndex": 3,
    "duration": 50,
    "exerciseId": "pallof_press",
    "exerciseName": "Pallof Press",
    "id": 44,
    "instruction": "Hold cable at chest, push out, resist rotation.",
    "round": 4,
    "totalDrills": 4,
    "totalRounds": 4,
    "type": "work",
    "visualRef": "pallof.png",
  },
  {
    "blockIndex": 1,
    "blockName": "Circuit",
    "duration": 60,
    "id": 45,
    "nextExercise": "Forearm Plank",
    "type": "block_rest",
  },
  {
    "blockIndex": 2,
    "blockName": "Finisher",
    "drillCount": 2,
    "id": 46,
    "rounds": 2,
    "totalBlocks": 3,
    "type": "block_start",
  },
  {
    "blockIndex": 2,
    "blockName": "Finisher",
    "drillIndex": 0,
    "duration": 60,
    "exerciseId": "plank_hold",
    "exerciseName": "Forearm Plank",
    "id": 47,
    "instruction": "Keep glutes and core engaged.",
    "round": 1,
    "totalDrills": 2,
    "totalRounds": 2,
    "type": "work",
    "visualRef": "plank.png",
  },
  {
    "blockIndex": 2,
    "blockName": "Finisher",
    "duration": 20,
    "id": 48,
    "isRoundTransition": false,
    "nextExercise": "Dead Bug",
    "round": 1,
    "totalRounds": 2,
    "type": "rest",
  },
  {
    "blockIndex": 2,
    "blockName": "Finisher",
    "drillIndex": 1,
    "duration": 60,
    "exerciseId": "dead_bug",
    "exerciseName": "Dead Bug",
    "id": 49,
    "instruction": "Opposite arm/leg move. Back glued to floor.",
    "round": 1,
    "totalDrills": 2,
    "totalRounds": 2,
    "type": "work",
    "visualRef": "dead_bug.png",
  },
  {
    "blockIndex": 2,
    "blockName": "Finisher",
    "duration": 20,
    "id": 50,
    "isRoundTransition": true,
    "nextExercise": "Forearm Plank",
    "round": 1,
    "totalRounds": 2,
    "type": "rest",
  },
  {
    "blockIndex": 2,
    "blockName": "Finisher",
    "drillIndex": 0,
    "duration": 60,
    "exerciseId": "plank_hold",
    "exerciseName": "Forearm Plank",
    "id": 51,
    "instruction": "Keep glutes and core engaged.",
    "round": 2,
    "totalDrills": 2,
    "totalRounds": 2,
    "type": "work",
    "visualRef": "plank.png",
  },
  {
    "blockIndex": 2,
    "blockName": "Finisher",
    "duration": 20,
    "id": 52,
    "isRoundTransition": false,
    "nextExercise": "Dead Bug",
    "round": 2,
    "totalRounds": 2,
    "type": "rest",
  },
  {
    "blockIndex": 2,
    "blockName": "Finisher",
    "drillIndex": 1,
    "duration": 60,
    "exerciseId": "dead_bug",
    "exerciseName": "Dead Bug",
    "id": 53,
    "instruction": "Opposite arm/leg move. Back glued to floor.",
    "round": 2,
    "totalDrills": 2,
    "totalRounds": 2,
    "type": "work",
    "visualRef": "dead_bug.png",
  },
  {
    "id": 54,
    "type": "workout_complete",
    "workoutName": "Mon: Foundation Strength",
  },
]
`;

exports[`Linearizer Golden Master Regression > should produce consistent output for template: gym_monday_p2 1`] = `
[
  {
    "blockIndex": 0,
    "blockName": "Warmup",
    "drillCount": 3,
    "id": 0,
    "rounds": 2,
    "totalBlocks": 3,
    "type": "block_start",
  },
  {
    "blockIndex": 0,
    "blockName": "Warmup",
    "drillIndex": 0,
    "duration": 45,
    "exerciseId": "cat_cow",
    "exerciseName": "Cat-Cow Stretch",
    "id": 1,
    "instruction": "Move spine rhythmically. Breathe deeply.",
    "round": 1,
    "totalDrills": 3,
    "totalRounds": 2,
    "type": "work",
    "visualRef": "cat_cow.png",
  },
  {
    "blockIndex": 0,
    "blockName": "Warmup",
    "duration": 15,
    "id": 2,
    "isRoundTransition": false,
    "nextExercise": "Dynamic Hamstring Scoop",
    "round": 1,
    "totalRounds": 2,
    "type": "rest",
  },
  {
    "blockIndex": 0,
    "blockName": "Warmup",
    "drillIndex": 1,
    "duration": 45,
    "exerciseId": "dyn_ham_scoop",
    "exerciseName": "Dynamic Hamstring Scoop",
    "id": 3,
    "instruction": "Step forward, heel down, scoop ground.",
    "round": 1,
    "totalDrills": 3,
    "totalRounds": 2,
    "type": "work",
    "visualRef": "ham_scoop.png",
  },
  {
    "blockIndex": 0,
    "blockName": "Warmup",
    "duration": 15,
    "id": 4,
    "isRoundTransition": false,
    "nextExercise": "Cossack Squat",
    "round": 1,
    "totalRounds": 2,
    "type": "rest",
  },
  {
    "blockIndex": 0,
    "blockName": "Warmup",
    "drillIndex": 2,
    "duration": 45,
    "exerciseId": "cossack_sq",
    "exerciseName": "Cossack Squat",
    "id": 5,
    "instruction": "Wide stance, sit into one heel. Alternating.",
    "round": 1,
    "totalDrills": 3,
    "totalRounds": 2,
    "type": "work",
    "visualRef": "cossack.png",
  },
  {
    "blockIndex": 0,
    "blockName": "Warmup",
    "duration": 15,
    "id": 6,
    "isRoundTransition": true,
    "nextExercise": "Cat-Cow Stretch",
    "round": 1,
    "totalRounds": 2,
    "type": "rest",
  },
  {
    "blockIndex": 0,
    "blockName": "Warmup",
    "drillIndex": 0,
    "duration": 45,
    "exerciseId": "cat_cow",
    "exerciseName": "Cat-Cow Stretch",
    "id": 7,
    "instruction": "Move spine rhythmically. Breathe deeply.",
    "round": 2,
    "totalDrills": 3,
    "totalRounds": 2,
    "type": "work",
    "visualRef": "cat_cow.png",
  },
  {
    "blockIndex": 0,
    "blockName": "Warmup",
    "duration": 15,
    "id": 8,
    "isRoundTransition": false,
    "nextExercise": "Dynamic Hamstring Scoop",
    "round": 2,
    "totalRounds": 2,
    "type": "rest",
  },
  {
    "blockIndex": 0,
    "blockName": "Warmup",
    "drillIndex": 1,
    "duration": 45,
    "exerciseId": "dyn_ham_scoop",
    "exerciseName": "Dynamic Hamstring Scoop",
    "id": 9,
    "instruction": "Step forward, heel down, scoop ground.",
    "round": 2,
    "totalDrills": 3,
    "totalRounds": 2,
    "type": "work",
    "visualRef": "ham_scoop.png",
  },
  {
    "blockIndex": 0,
    "blockName": "Warmup",
    "duration": 15,
    "id": 10,
    "isRoundTransition": false,
    "nextExercise": "Cossack Squat",
    "round": 2,
    "totalRounds": 2,
    "type": "rest",
  },
  {
    "blockIndex": 0,
    "blockName": "Warmup",
    "drillIndex": 2,
    "duration": 45,
    "exerciseId": "cossack_sq",
    "exerciseName": "Cossack Squat",
    "id": 11,
    "instruction": "Wide stance, sit into one heel. Alternating.",
    "round": 2,
    "totalDrills": 3,
    "totalRounds": 2,
    "type": "work",
    "visualRef": "cossack.png",
  },
  {
    "blockIndex": 0,
    "blockName": "Warmup",
    "duration": 30,
    "id": 12,
    "nextExercise": "Box Jump",
    "type": "block_rest",
  },
  {
    "blockIndex": 1,
    "blockName": "Power Circuit",
    "drillCount": 4,
    "id": 13,
    "rounds": 4,
    "totalBlocks": 3,
    "type": "block_start",
  },
  {
    "blockIndex": 1,
    "blockName": "Power Circuit",
    "drillIndex": 0,
    "duration": 40,
    "exerciseId": "box_jump",
    "exerciseName": "Box Jump",
    "id": 14,
    "instruction": "Explode up, land soft, step down.",
    "round": 1,
    "totalDrills": 4,
    "totalRounds": 4,
    "type": "work",
    "visualRef": "box_jump.png",
  },
  {
    "blockIndex": 1,
    "blockName": "Power Circuit",
    "duration": 50,
    "id": 15,
    "isRoundTransition": false,
    "nextExercise": "Romanian Deadlift",
    "round": 1,
    "totalRounds": 4,
    "type": "rest",
  },
  {
    "blockIndex": 1,
    "blockName": "Power Circuit",
    "drillIndex": 1,
    "duration": 40,
    "exerciseId": "rdl_heavy",
    "exerciseName": "Romanian Deadlift",
    "id": 16,
    "instruction": "Hinge hips back. Feel the hamstring stretch.",
    "round": 1,
    "totalDrills": 4,
    "totalRounds": 4,
    "type": "work",
    "visualRef": "rdl.png",
  },
  {
    "blockIndex": 1,
    "blockName": "Power Circuit",
    "duration": 50,
    "id": 17,
    "isRoundTransition": false,
    "nextExercise": "Skater Hops",
    "round": 1,
    "totalRounds": 4,
    "type": "rest",
  },
  {
    "blockIndex": 1,
    "blockName": "Power Circuit",
    "drillIndex": 2,
    "duration": 40,
    "exerciseId": "skater_hops",
    "exerciseName": "Skater Hops",
    "id": 18,
    "instruction": "Lateral explosive jumps. Hold land 1s.",
    "round": 1,
    "totalDrills": 4,
    "totalRounds": 4,
    "type": "work",
    "visualRef": "skater.png",
  },
  {
    "blockIndex": 1,
    "blockName": "Power Circuit",
    "duration": 50,
    "id": 19,
    "isRoundTransition": false,
    "nextExercise": "Weighted Russian Twist",
    "round": 1,
    "totalRounds": 4,
    "type": "rest",
  },
  {
    "blockIndex": 1,
    "blockName": "Power Circuit",
    "drillIndex": 3,
    "duration": 40,
    "exerciseId": "russian_twist",
    "exerciseName": "Weighted Russian Twist",
    "id": 20,
    "instruction": "Rotate shoulders side to side.",
    "round": 1,
    "totalDrills": 4,
    "totalRounds": 4,
    "type": "work",
    "visualRef": "twist.png",
  },
  {
    "blockIndex": 1,
    "blockName": "Power Circuit",
    "duration": 50,
    "id": 21,
    "isRoundTransition": true,
    "nextExercise": "Box Jump",
    "round": 1,
    "totalRounds": 4,
    "type": "rest",
  },
  {
    "blockIndex": 1,
    "blockName": "Power Circuit",
    "drillIndex": 0,
    "duration": 40,
    "exerciseId": "box_jump",
    "exerciseName": "Box Jump",
    "id": 22,
    "instruction": "Explode up, land soft, step down.",
    "round": 2,
    "totalDrills": 4,
    "totalRounds": 4,
    "type": "work",
    "visualRef": "box_jump.png",
  },
  {
    "blockIndex": 1,
    "blockName": "Power Circuit",
    "duration": 50,
    "id": 23,
    "isRoundTransition": false,
    "nextExercise": "Romanian Deadlift",
    "round": 2,
    "totalRounds": 4,
    "type": "rest",
  },
  {
    "blockIndex": 1,
    "blockName": "Power Circuit",
    "drillIndex": 1,
    "duration": 40,
    "exerciseId": "rdl_heavy",
    "exerciseName": "Romanian Deadlift",
    "id": 24,
    "instruction": "Hinge hips back. Feel the hamstring stretch.",
    "round": 2,
    "totalDrills": 4,
    "totalRounds": 4,
    "type": "work",
    "visualRef": "rdl.png",
  },
  {
    "blockIndex": 1,
    "blockName": "Power Circuit",
    "duration": 50,
    "id": 25,
    "isRoundTransition": false,
    "nextExercise": "Skater Hops",
    "round": 2,
    "totalRounds": 4,
    "type": "rest",
  },
  {
    "blockIndex": 1,
    "blockName": "Power Circuit",
    "drillIndex": 2,
    "duration": 40,
    "exerciseId": "skater_hops",
    "exerciseName": "Skater Hops",
    "id": 26,
    "instruction": "Lateral explosive jumps. Hold land 1s.",
    "round": 2,
    "totalDrills": 4,
    "totalRounds": 4,
    "type": "work",
    "visualRef": "skater.png",
  },
  {
    "blockIndex": 1,
    "blockName": "Power Circuit",
    "duration": 50,
    "id": 27,
    "isRoundTransition": false,
    "nextExercise": "Weighted Russian Twist",
    "round": 2,
    "totalRounds": 4,
    "type": "rest",
  },
  {
    "blockIndex": 1,
    "blockName": "Power Circuit",
    "drillIndex": 3,
    "duration": 40,
    "exerciseId": "russian_twist",
    "exerciseName": "Weighted Russian Twist",
    "id": 28,
    "instruction": "Rotate shoulders side to side.",
    "round": 2,
    "totalDrills": 4,
    "totalRounds": 4,
    "type": "work",
    "visualRef": "twist.png",
  },
  {
    "blockIndex": 1,
    "blockName": "Power Circuit",
    "duration": 50,
    "id": 29,
    "isRoundTransition": true,
    "nextExercise": "Box Jump",
    "round": 2,
    "totalRounds": 4,
    "type": "rest",
  },
  {
    "blockIndex": 1,
    "blockName": "Power Circuit",
    "drillIndex": 0,
    "duration": 40,
    "exerciseId": "box_jump",
    "exerciseName": "Box Jump",
    "id": 30,
    "instruction": "Explode up, land soft, step down.",
    "round": 3,
    "totalDrills": 4,
    "totalRounds": 4,
    "type": "work",
    "visualRef": "box_jump.png",
  },
  {
    "blockIndex": 1,
    "blockName": "Power Circuit",
    "duration": 50,
    "id": 31,
    "isRoundTransition": false,
    "nextExercise": "Romanian Deadlift",
    "round": 3,
    "totalRounds": 4,
    "type": "rest",
  },
  {
    "blockIndex": 1,
    "blockName": "Power Circuit",
    "drillIndex": 1,
    "duration": 40,
    "exerciseId": "rdl_heavy",
    "exerciseName": "Romanian Deadlift",
    "id": 32,
    "instruction": "Hinge hips back. Feel the hamstring stretch.",
    "round": 3,
    "totalDrills": 4,
    "totalRounds": 4,
    "type": "work",
    "visualRef": "rdl.png",
  },
  {
    "blockIndex": 1,
    "blockName": "Power Circuit",
    "duration": 50,
    "id": 33,
    "isRoundTransition": false,
    "nextExercise": "Skater Hops",
    "round": 3,
    "totalRounds": 4,
    "type": "rest",
  },
  {
    "blockIndex": 1,
    "blockName": "Power Circuit",
    "drillIndex": 2,
    "duration": 40,
    "exerciseId": "skater_hops",
    "exerciseName": "Skater Hops",
    "id": 34,
    "instruction": "Lateral explosive jumps. Hold land 1s.",
    "round": 3,
    "totalDrills": 4,
    "totalRounds": 4,
    "type": "work",
    "visualRef": "skater.png",
  },
  {
    "blockIndex": 1,
    "blockName": "Power Circuit",
    "duration": 50,
    "id": 35,
    "isRoundTransition": false,
    "nextExercise": "Weighted Russian Twist",
    "round": 3,
    "totalRounds": 4,
    "type": "rest",
  },
  {
    "blockIndex": 1,
    "blockName": "Power Circuit",
    "drillIndex": 3,
    "duration": 40,
    "exerciseId": "russian_twist",
    "exerciseName": "Weighted Russian Twist",
    "id": 36,
    "instruction": "Rotate shoulders side to side.",
    "round": 3,
    "totalDrills": 4,
    "totalRounds": 4,
    "type": "work",
    "visualRef": "twist.png",
  },
  {
    "blockIndex": 1,
    "blockName": "Power Circuit",
    "duration": 50,
    "id": 37,
    "isRoundTransition": true,
    "nextExercise": "Box Jump",
    "round": 3,
    "totalRounds": 4,
    "type": "rest",
  },
  {
    "blockIndex": 1,
    "blockName": "Power Circuit",
    "drillIndex": 0,
    "duration": 40,
    "exerciseId": "box_jump",
    "exerciseName": "Box Jump",
    "id": 38,
    "instruction": "Explode up, land soft, step down.",
    "round": 4,
    "totalDrills": 4,
    "totalRounds": 4,
    "type": "work",
    "visualRef": "box_jump.png",
  },
  {
    "blockIndex": 1,
    "blockName": "Power Circuit",
    "duration": 50,
    "id": 39,
    "isRoundTransition": false,
    "nextExercise": "Romanian Deadlift",
    "round": 4,
    "totalRounds": 4,
    "type": "rest",
  },
  {
    "blockIndex": 1,
    "blockName": "Power Circuit",
    "drillIndex": 1,
    "duration": 40,
    "exerciseId": "rdl_heavy",
    "exerciseName": "Romanian Deadlift",
    "id": 40,
    "instruction": "Hinge hips back. Feel the hamstring stretch.",
    "round": 4,
    "totalDrills": 4,
    "totalRounds": 4,
    "type": "work",
    "visualRef": "rdl.png",
  },
  {
    "blockIndex": 1,
    "blockName": "Power Circuit",
    "duration": 50,
    "id": 41,
    "isRoundTransition": false,
    "nextExercise": "Skater Hops",
    "round": 4,
    "totalRounds": 4,
    "type": "rest",
  },
  {
    "blockIndex": 1,
    "blockName": "Power Circuit",
    "drillIndex": 2,
    "duration": 40,
    "exerciseId": "skater_hops",
    "exerciseName": "Skater Hops",
    "id": 42,
    "instruction": "Lateral explosive jumps. Hold land 1s.",
    "round": 4,
    "totalDrills": 4,
    "totalRounds": 4,
    "type": "work",
    "visualRef": "skater.png",
  },
  {
    "blockIndex": 1,
    "blockName": "Power Circuit",
    "duration": 50,
    "id": 43,
    "isRoundTransition": false,
    "nextExercise": "Weighted Russian Twist",
    "round": 4,
    "totalRounds": 4,
    "type": "rest",
  },
  {
    "blockIndex": 1,
    "blockName": "Power Circuit",
    "drillIndex": 3,
    "duration": 40,
    "exerciseId": "russian_twist",
    "exerciseName": "Weighted Russian Twist",
    "id": 44,
    "instruction": "Rotate shoulders side to side.",
    "round": 4,
    "totalDrills": 4,
    "totalRounds": 4,
    "type": "work",
    "visualRef": "twist.png",
  },
  {
    "blockIndex": 1,
    "blockName": "Power Circuit",
    "duration": 60,
    "id": 45,
    "nextExercise": "Tempo Goblet Squat",
    "type": "block_rest",
  },
  {
    "blockIndex": 2,
    "blockName": "Strength Finisher",
    "drillCount": 2,
    "id": 46,
    "rounds": 2,
    "totalBlocks": 3,
    "type": "block_start",
  },
  {
    "blockIndex": 2,
    "blockName": "Strength Finisher",
    "drillIndex": 0,
    "duration": 50,
    "exerciseId": "goblet_sq_tempo",
    "exerciseName": "Tempo Goblet Squat",
    "id": 47,
    "instruction": "4s down, 1s hold at bottom. Focus on depth.",
    "round": 1,
    "totalDrills": 2,
    "totalRounds": 2,
    "type": "work",
    "visualRef": "goblet_sq.png",
  },
  {
    "blockIndex": 2,
    "blockName": "Strength Finisher",
    "duration": 30,
    "id": 48,
    "isRoundTransition": false,
    "nextExercise": "Forearm Plank",
    "round": 1,
    "totalRounds": 2,
    "type": "rest",
  },
  {
    "blockIndex": 2,
    "blockName": "Strength Finisher",
    "drillIndex": 1,
    "duration": 50,
    "exerciseId": "plank_hold",
    "exerciseName": "Forearm Plank",
    "id": 49,
    "instruction": "Keep glutes and core engaged.",
    "round": 1,
    "totalDrills": 2,
    "totalRounds": 2,
    "type": "work",
    "visualRef": "plank.png",
  },
  {
    "blockIndex": 2,
    "blockName": "Strength Finisher",
    "duration": 30,
    "id": 50,
    "isRoundTransition": true,
    "nextExercise": "Tempo Goblet Squat",
    "round": 1,
    "totalRounds": 2,
    "type": "rest",
  },
  {
    "blockIndex": 2,
    "blockName": "Strength Finisher",
    "drillIndex": 0,
    "duration": 50,
    "exerciseId": "goblet_sq_tempo",
    "exerciseName": "Tempo Goblet Squat",
    "id": 51,
    "instruction": "4s down, 1s hold at bottom. Focus on depth.",
    "round": 2,
    "totalDrills": 2,
    "totalRounds": 2,
    "type": "work",
    "visualRef": "goblet_sq.png",
  },
  {
    "blockIndex": 2,
    "blockName": "Strength Finisher",
    "duration": 30,
    "id": 52,
    "isRoundTransition": false,
    "nextExercise": "Forearm Plank",
    "round": 2,
    "totalRounds": 2,
    "type": "rest",
  },
  {
    "blockIndex": 2,
    "blockName": "Strength Finisher",
    "drillIndex": 1,
    "duration": 50,
    "exerciseId": "plank_hold",
    "exerciseName": "Forearm Plank",
    "id": 53,
    "instruction": "Keep glutes and core engaged.",
    "round": 2,
    "totalDrills": 2,
    "totalRounds": 2,
    "type": "work",
    "visualRef": "plank.png",
  },
  {
    "id": 54,
    "type": "workout_complete",
    "workoutName": "Mon: Explosive Power",
  },
]
`;

exports[`Linearizer Golden Master Regression > should produce consistent output for template: gym_wednesday_p1 1`] = `
[
  {
    "blockIndex": 0,
    "blockName": "Warmup",
    "drillCount": 3,
    "id": 0,
    "rounds": 2,
    "totalBlocks": 3,
    "type": "block_start",
  },
  {
    "blockIndex": 0,
    "blockName": "Warmup",
    "drillIndex": 0,
    "duration": 45,
    "exerciseId": "cat_cow",
    "exerciseName": "Cat-Cow Stretch",
    "id": 1,
    "instruction": "Move spine rhythmically. Breathe deeply.",
    "round": 1,
    "totalDrills": 3,
    "totalRounds": 2,
    "type": "work",
    "visualRef": "cat_cow.png",
  },
  {
    "blockIndex": 0,
    "blockName": "Warmup",
    "duration": 15,
    "id": 2,
    "isRoundTransition": false,
    "nextExercise": "Cossack Squat",
    "round": 1,
    "totalRounds": 2,
    "type": "rest",
  },
  {
    "blockIndex": 0,
    "blockName": "Warmup",
    "drillIndex": 1,
    "duration": 45,
    "exerciseId": "cossack_sq",
    "exerciseName": "Cossack Squat",
    "id": 3,
    "instruction": "Wide stance, sit into one heel. Alternating.",
    "round": 1,
    "totalDrills": 3,
    "totalRounds": 2,
    "type": "work",
    "visualRef": "cossack.png",
  },
  {
    "blockIndex": 0,
    "blockName": "Warmup",
    "duration": 15,
    "id": 4,
    "isRoundTransition": false,
    "nextExercise": "Dynamic Hip Opener",
    "round": 1,
    "totalRounds": 2,
    "type": "rest",
  },
  {
    "blockIndex": 0,
    "blockName": "Warmup",
    "drillIndex": 2,
    "duration": 45,
    "exerciseId": "hip_opener",
    "exerciseName": "Dynamic Hip Opener",
    "id": 5,
    "instruction": "Deep lunge, rotate torso toward front knee.",
    "round": 1,
    "totalDrills": 3,
    "totalRounds": 2,
    "type": "work",
    "visualRef": "hip_opener.png",
  },
  {
    "blockIndex": 0,
    "blockName": "Warmup",
    "duration": 15,
    "id": 6,
    "isRoundTransition": true,
    "nextExercise": "Cat-Cow Stretch",
    "round": 1,
    "totalRounds": 2,
    "type": "rest",
  },
  {
    "blockIndex": 0,
    "blockName": "Warmup",
    "drillIndex": 0,
    "duration": 45,
    "exerciseId": "cat_cow",
    "exerciseName": "Cat-Cow Stretch",
    "id": 7,
    "instruction": "Move spine rhythmically. Breathe deeply.",
    "round": 2,
    "totalDrills": 3,
    "totalRounds": 2,
    "type": "work",
    "visualRef": "cat_cow.png",
  },
  {
    "blockIndex": 0,
    "blockName": "Warmup",
    "duration": 15,
    "id": 8,
    "isRoundTransition": false,
    "nextExercise": "Cossack Squat",
    "round": 2,
    "totalRounds": 2,
    "type": "rest",
  },
  {
    "blockIndex": 0,
    "blockName": "Warmup",
    "drillIndex": 1,
    "duration": 45,
    "exerciseId": "cossack_sq",
    "exerciseName": "Cossack Squat",
    "id": 9,
    "instruction": "Wide stance, sit into one heel. Alternating.",
    "round": 2,
    "totalDrills": 3,
    "totalRounds": 2,
    "type": "work",
    "visualRef": "cossack.png",
  },
  {
    "blockIndex": 0,
    "blockName": "Warmup",
    "duration": 15,
    "id": 10,
    "isRoundTransition": false,
    "nextExercise": "Dynamic Hip Opener",
    "round": 2,
    "totalRounds": 2,
    "type": "rest",
  },
  {
    "blockIndex": 0,
    "blockName": "Warmup",
    "drillIndex": 2,
    "duration": 45,
    "exerciseId": "hip_opener",
    "exerciseName": "Dynamic Hip Opener",
    "id": 11,
    "instruction": "Deep lunge, rotate torso toward front knee.",
    "round": 2,
    "totalDrills": 3,
    "totalRounds": 2,
    "type": "work",
    "visualRef": "hip_opener.png",
  },
  {
    "blockIndex": 0,
    "blockName": "Warmup",
    "duration": 30,
    "id": 12,
    "nextExercise": "Single Leg Press",
    "type": "block_rest",
  },
  {
    "blockIndex": 1,
    "blockName": "Circuit",
    "drillCount": 4,
    "id": 13,
    "rounds": 4,
    "totalBlocks": 3,
    "type": "block_start",
  },
  {
    "blockIndex": 1,
    "blockName": "Circuit",
    "drillIndex": 0,
    "duration": 50,
    "exerciseId": "leg_press_sl",
    "exerciseName": "Single Leg Press",
    "id": 14,
    "instruction": "Focus on the 'pushing away' and slow return.",
    "round": 1,
    "totalDrills": 4,
    "totalRounds": 4,
    "type": "work",
    "visualRef": "leg_press.png",
  },
  {
    "blockIndex": 1,
    "blockName": "Circuit",
    "duration": 40,
    "id": 15,
    "isRoundTransition": false,
    "nextExercise": "Hamstring Curl Machine",
    "round": 1,
    "totalRounds": 4,
    "type": "rest",
  },
  {
    "blockIndex": 1,
    "blockName": "Circuit",
    "drillIndex": 1,
    "duration": 50,
    "exerciseId": "hamstring_curl",
    "exerciseName": "Hamstring Curl Machine",
    "id": 16,
    "instruction": "Squeeze at top, 3s release (eccentric).",
    "round": 1,
    "totalDrills": 4,
    "totalRounds": 4,
    "type": "work",
    "visualRef": "curl.png",
  },
  {
    "blockIndex": 1,
    "blockName": "Circuit",
    "duration": 40,
    "id": 17,
    "isRoundTransition": false,
    "nextExercise": "Weighted Step Up",
    "round": 1,
    "totalRounds": 4,
    "type": "rest",
  },
  {
    "blockIndex": 1,
    "blockName": "Circuit",
    "drillIndex": 2,
    "duration": 50,
    "exerciseId": "step_up",
    "exerciseName": "Weighted Step Up",
    "id": 18,
    "instruction": "Drive through the heel, control the way down.",
    "round": 1,
    "totalDrills": 4,
    "totalRounds": 4,
    "type": "work",
    "visualRef": "step_up.png",
  },
  {
    "blockIndex": 1,
    "blockName": "Circuit",
    "duration": 40,
    "id": 19,
    "isRoundTransition": false,
    "nextExercise": "Dead Bug",
    "round": 1,
    "totalRounds": 4,
    "type": "rest",
  },
  {
    "blockIndex": 1,
    "blockName": "Circuit",
    "drillIndex": 3,
    "duration": 50,
    "exerciseId": "dead_bug",
    "exerciseName": "Dead Bug",
    "id": 20,
    "instruction": "Opposite arm/leg move. Back glued to floor.",
    "round": 1,
    "totalDrills": 4,
    "totalRounds": 4,
    "type": "work",
    "visualRef": "dead_bug.png",
  },
  {
    "blockIndex": 1,
    "blockName": "Circuit",
    "duration": 40,
    "id": 21,
    "isRoundTransition": true,
    "nextExercise": "Single Leg Press",
    "round": 1,
    "totalRounds": 4,
    "type": "rest",
  },
  {
    "blockIndex": 1,
    "blockName": "Circuit",
    "drillIndex": 0,
    "duration": 50,
    "exerciseId": "leg_press_sl",
    "exerciseName": "Single Leg Press",
    "id": 22,
    "instruction": "Focus on the 'pushing away' and slow return.",
    "round": 2,
    "totalDrills": 4,
    "totalRounds": 4,
    "type": "work",
    "visualRef": "leg_press.png",
  },
  {
    "blockIndex": 1,
    "blockName": "Circuit",
    "duration": 40,
    "id": 23,
    "isRoundTransition": false,
    "nextExercise": "Hamstring Curl Machine",
    "round": 2,
    "totalRounds": 4,
    "type": "rest",
  },
  {
    "blockIndex": 1,
    "blockName": "Circuit",
    "drillIndex": 1,
    "duration": 50,
    "exerciseId": "hamstring_curl",
    "exerciseName": "Hamstring Curl Machine",
    "id": 24,
    "instruction": "Squeeze at top, 3s release (eccentric).",
    "round": 2,
    "totalDrills": 4,
    "totalRounds": 4,
    "type": "work",
    "visualRef": "curl.png",
  },
  {
    "blockIndex": 1,
    "blockName": "Circuit",
    "duration": 40,
    "id": 25,
    "isRoundTransition": false,
    "nextExercise": "Weighted Step Up",
    "round": 2,
    "totalRounds": 4,
    "type": "rest",
  },
  {
    "blockIndex": 1,
    "blockName": "Circuit",
    "drillIndex": 2,
    "duration": 50,
    "exerciseId": "step_up",
    "exerciseName": "Weighted Step Up",
    "id": 26,
    "instruction": "Drive through the heel, control the way down.",
    "round": 2,
    "totalDrills": 4,
    "totalRounds": 4,
    "type": "work",
    "visualRef": "step_up.png",
  },
  {
    "blockIndex": 1,
    "blockName": "Circuit",
    "duration": 40,
    "id": 27,
    "isRoundTransition": false,
    "nextExercise": "Dead Bug",
    "round": 2,
    "totalRounds": 4,
    "type": "rest",
  },
  {
    "blockIndex": 1,
    "blockName": "Circuit",
    "drillIndex": 3,
    "duration": 50,
    "exerciseId": "dead_bug",
    "exerciseName": "Dead Bug",
    "id": 28,
    "instruction": "Opposite arm/leg move. Back glued to floor.",
    "round": 2,
    "totalDrills": 4,
    "totalRounds": 4,
    "type": "work",
    "visualRef": "dead_bug.png",
  },
  {
    "blockIndex": 1,
    "blockName": "Circuit",
    "duration": 40,
    "id": 29,
    "isRoundTransition": true,
    "nextExercise": "Single Leg Press",
    "round": 2,
    "totalRounds": 4,
    "type": "rest",
  },
  {
    "blockIndex": 1,
    "blockName": "Circuit",
    "drillIndex": 0,
    "duration": 50,
    "exerciseId": "leg_press_sl",
    "exerciseName": "Single Leg Press",
    "id": 30,
    "instruction": "Focus on the 'pushing away' and slow return.",
    "round": 3,
    "totalDrills": 4,
    "totalRounds": 4,
    "type": "work",
    "visualRef": "leg_press.png",
  },
  {
    "blockIndex": 1,
    "blockName": "Circuit",
    "duration": 40,
    "id": 31,
    "isRoundTransition": false,
    "nextExercise": "Hamstring Curl Machine",
    "round": 3,
    "totalRounds": 4,
    "type": "rest",
  },
  {
    "blockIndex": 1,
    "blockName": "Circuit",
    "drillIndex": 1,
    "duration": 50,
    "exerciseId": "hamstring_curl",
    "exerciseName": "Hamstring Curl Machine",
    "id": 32,
    "instruction": "Squeeze at top, 3s release (eccentric).",
    "round": 3,
    "totalDrills": 4,
    "totalRounds": 4,
    "type": "work",
    "visualRef": "curl.png",
  },
  {
    "blockIndex": 1,
    "blockName": "Circuit",
    "duration": 40,
    "id": 33,
    "isRoundTransition": false,
    "nextExercise": "Weighted Step Up",
    "round": 3,
    "totalRounds": 4,
    "type": "rest",
  },
  {
    "blockIndex": 1,
    "blockName": "Circuit",
    "drillIndex": 2,
    "duration": 50,
    "exerciseId": "step_up",
    "exerciseName": "Weighted Step Up",
    "id": 34,
    "instruction": "Drive through the heel, control the way down.",
    "round": 3,
    "totalDrills": 4,
    "totalRounds": 4,
    "type": "work",
    "visualRef": "step_up.png",
  },
  {
    "blockIndex": 1,
    "blockName": "Circuit",
    "duration": 40,
    "id": 35,
    "isRoundTransition": false,
    "nextExercise": "Dead Bug",
    "round": 3,
    "totalRounds": 4,
    "type": "rest",
  },
  {
    "blockIndex": 1,
    "blockName": "Circuit",
    "drillIndex": 3,
    "duration": 50,
    "exerciseId": "dead_bug",
    "exerciseName": "Dead Bug",
    "id": 36,
    "instruction": "Opposite arm/leg move. Back glued to floor.",
    "round": 3,
    "totalDrills": 4,
    "totalRounds": 4,
    "type": "work",
    "visualRef": "dead_bug.png",
  },
  {
    "blockIndex": 1,
    "blockName": "Circuit",
    "duration": 40,
    "id": 37,
    "isRoundTransition": true,
    "nextExercise": "Single Leg Press",
    "round": 3,
    "totalRounds": 4,
    "type": "rest",
  },
  {
    "blockIndex": 1,
    "blockName": "Circuit",
    "drillIndex": 0,
    "duration": 50,
    "exerciseId": "leg_press_sl",
    "exerciseName": "Single Leg Press",
    "id": 38,
    "instruction": "Focus on the 'pushing away' and slow return.",
    "round": 4,
    "totalDrills": 4,
    "totalRounds": 4,
    "type": "work",
    "visualRef": "leg_press.png",
  },
  {
    "blockIndex": 1,
    "blockName": "Circuit",
    "duration": 40,
    "id": 39,
    "isRoundTransition": false,
    "nextExercise": "Hamstring Curl Machine",
    "round": 4,
    "totalRounds": 4,
    "type": "rest",
  },
  {
    "blockIndex": 1,
    "blockName": "Circuit",
    "drillIndex": 1,
    "duration": 50,
    "exerciseId": "hamstring_curl",
    "exerciseName": "Hamstring Curl Machine",
    "id": 40,
    "instruction": "Squeeze at top, 3s release (eccentric).",
    "round": 4,
    "totalDrills": 4,
    "totalRounds": 4,
    "type": "work",
    "visualRef": "curl.png",
  },
  {
    "blockIndex": 1,
    "blockName": "Circuit",
    "duration": 40,
    "id": 41,
    "isRoundTransition": false,
    "nextExercise": "Weighted Step Up",
    "round": 4,
    "totalRounds": 4,
    "type": "rest",
  },
  {
    "blockIndex": 1,
    "blockName": "Circuit",
    "drillIndex": 2,
    "duration": 50,
    "exerciseId": "step_up",
    "exerciseName": "Weighted Step Up",
    "id": 42,
    "instruction": "Drive through the heel, control the way down.",
    "round": 4,
    "totalDrills": 4,
    "totalRounds": 4,
    "type": "work",
    "visualRef": "step_up.png",
  },
  {
    "blockIndex": 1,
    "blockName": "Circuit",
    "duration": 40,
    "id": 43,
    "isRoundTransition": false,
    "nextExercise": "Dead Bug",
    "round": 4,
    "totalRounds": 4,
    "type": "rest",
  },
  {
    "blockIndex": 1,
    "blockName": "Circuit",
    "drillIndex": 3,
    "duration": 50,
    "exerciseId": "dead_bug",
    "exerciseName": "Dead Bug",
    "id": 44,
    "instruction": "Opposite arm/leg move. Back glued to floor.",
    "round": 4,
    "totalDrills": 4,
    "totalRounds": 4,
    "type": "work",
    "visualRef": "dead_bug.png",
  },
  {
    "blockIndex": 1,
    "blockName": "Circuit",
    "duration": 60,
    "id": 45,
    "nextExercise": "Calf Raises",
    "type": "block_rest",
  },
  {
    "blockIndex": 2,
    "blockName": "Finisher",
    "drillCount": 2,
    "id": 46,
    "rounds": 3,
    "totalBlocks": 3,
    "type": "block_start",
  },
  {
    "blockIndex": 2,
    "blockName": "Finisher",
    "drillIndex": 0,
    "duration": 45,
    "exerciseId": "calf_raise",
    "exerciseName": "Calf Raises",
    "id": 47,
    "instruction": "Full range of motion, pause at the top.",
    "round": 1,
    "totalDrills": 2,
    "totalRounds": 3,
    "type": "work",
    "visualRef": "calf_raise.png",
  },
  {
    "blockIndex": 2,
    "blockName": "Finisher",
    "duration": 15,
    "id": 48,
    "isRoundTransition": false,
    "nextExercise": "Pallof Press",
    "round": 1,
    "totalRounds": 3,
    "type": "rest",
  },
  {
    "blockIndex": 2,
    "blockName": "Finisher",
    "drillIndex": 1,
    "duration": 45,
    "exerciseId": "pallof_press",
    "exerciseName": "Pallof Press",
    "id": 49,
    "instruction": "Hold cable at chest, push out, resist rotation.",
    "round": 1,
    "totalDrills": 2,
    "totalRounds": 3,
    "type": "work",
    "visualRef": "pallof.png",
  },
  {
    "blockIndex": 2,
    "blockName": "Finisher",
    "duration": 15,
    "id": 50,
    "isRoundTransition": true,
    "nextExercise": "Calf Raises",
    "round": 1,
    "totalRounds": 3,
    "type": "rest",
  },
  {
    "blockIndex": 2,
    "blockName": "Finisher",
    "drillIndex": 0,
    "duration": 45,
    "exerciseId": "calf_raise",
    "exerciseName": "Calf Raises",
    "id": 51,
    "instruction": "Full range of motion, pause at the top.",
    "round": 2,
    "totalDrills": 2,
    "totalRounds": 3,
    "type": "work",
    "visualRef": "calf_raise.png",
  },
  {
    "blockIndex": 2,
    "blockName": "Finisher",
    "duration": 15,
    "id": 52,
    "isRoundTransition": false,
    "nextExercise": "Pallof Press",
    "round": 2,
    "totalRounds": 3,
    "type": "rest",
  },
  {
    "blockIndex": 2,
    "blockName": "Finisher",
    "drillIndex": 1,
    "duration": 45,
    "exerciseId": "pallof_press",
    "exerciseName": "Pallof Press",
    "id": 53,
    "instruction": "Hold cable at chest, push out, resist rotation.",
    "round": 2,
    "totalDrills": 2,
    "totalRounds": 3,
    "type": "work",
    "visualRef": "pallof.png",
  },
  {
    "blockIndex": 2,
    "blockName": "Finisher",
    "duration": 15,
    "id": 54,
    "isRoundTransition": true,
    "nextExercise": "Calf Raises",
    "round": 2,
    "totalRounds": 3,
    "type": "rest",
  },
  {
    "blockIndex": 2,
    "blockName": "Finisher",
    "drillIndex": 0,
    "duration": 45,
    "exerciseId": "calf_raise",
    "exerciseName": "Calf Raises",
    "id": 55,
    "instruction": "Full range of motion, pause at the top.",
    "round": 3,
    "totalDrills": 2,
    "totalRounds": 3,
    "type": "work",
    "visualRef": "calf_raise.png",
  },
  {
    "blockIndex": 2,
    "blockName": "Finisher",
    "duration": 15,
    "id": 56,
    "isRoundTransition": false,
    "nextExercise": "Pallof Press",
    "round": 3,
    "totalRounds": 3,
    "type": "rest",
  },
  {
    "blockIndex": 2,
    "blockName": "Finisher",
    "drillIndex": 1,
    "duration": 45,
    "exerciseId": "pallof_press",
    "exerciseName": "Pallof Press",
    "id": 57,
    "instruction": "Hold cable at chest, push out, resist rotation.",
    "round": 3,
    "totalDrills": 2,
    "totalRounds": 3,
    "type": "work",
    "visualRef": "pallof.png",
  },
  {
    "id": 58,
    "type": "workout_complete",
    "workoutName": "Wed: Stability & Mobility",
  },
]
`;

exports[`Linearizer Golden Master Regression > should produce consistent output for template: gym_wednesday_p2 1`] = `
[
  {
    "blockIndex": 0,
    "blockName": "Warmup",
    "drillCount": 3,
    "id": 0,
    "rounds": 2,
    "totalBlocks": 3,
    "type": "block_start",
  },
  {
    "blockIndex": 0,
    "blockName": "Warmup",
    "drillIndex": 0,
    "duration": 45,
    "exerciseId": "hip_opener",
    "exerciseName": "Dynamic Hip Opener",
    "id": 1,
    "instruction": "Deep lunge, rotate torso toward front knee.",
    "round": 1,
    "totalDrills": 3,
    "totalRounds": 2,
    "type": "work",
    "visualRef": "hip_opener.png",
  },
  {
    "blockIndex": 0,
    "blockName": "Warmup",
    "duration": 15,
    "id": 2,
    "isRoundTransition": false,
    "nextExercise": "Dynamic Hamstring Scoop",
    "round": 1,
    "totalRounds": 2,
    "type": "rest",
  },
  {
    "blockIndex": 0,
    "blockName": "Warmup",
    "drillIndex": 1,
    "duration": 45,
    "exerciseId": "dyn_ham_scoop",
    "exerciseName": "Dynamic Hamstring Scoop",
    "id": 3,
    "instruction": "Step forward, heel down, scoop ground.",
    "round": 1,
    "totalDrills": 3,
    "totalRounds": 2,
    "type": "work",
    "visualRef": "ham_scoop.png",
  },
  {
    "blockIndex": 0,
    "blockName": "Warmup",
    "duration": 15,
    "id": 4,
    "isRoundTransition": false,
    "nextExercise": "Cossack Squat",
    "round": 1,
    "totalRounds": 2,
    "type": "rest",
  },
  {
    "blockIndex": 0,
    "blockName": "Warmup",
    "drillIndex": 2,
    "duration": 45,
    "exerciseId": "cossack_sq",
    "exerciseName": "Cossack Squat",
    "id": 5,
    "instruction": "Wide stance, sit into one heel. Alternating.",
    "round": 1,
    "totalDrills": 3,
    "totalRounds": 2,
    "type": "work",
    "visualRef": "cossack.png",
  },
  {
    "blockIndex": 0,
    "blockName": "Warmup",
    "duration": 15,
    "id": 6,
    "isRoundTransition": true,
    "nextExercise": "Dynamic Hip Opener",
    "round": 1,
    "totalRounds": 2,
    "type": "rest",
  },
  {
    "blockIndex": 0,
    "blockName": "Warmup",
    "drillIndex": 0,
    "duration": 45,
    "exerciseId": "hip_opener",
    "exerciseName": "Dynamic Hip Opener",
    "id": 7,
    "instruction": "Deep lunge, rotate torso toward front knee.",
    "round": 2,
    "totalDrills": 3,
    "totalRounds": 2,
    "type": "work",
    "visualRef": "hip_opener.png",
  },
  {
    "blockIndex": 0,
    "blockName": "Warmup",
    "duration": 15,
    "id": 8,
    "isRoundTransition": false,
    "nextExercise": "Dynamic Hamstring Scoop",
    "round": 2,
    "totalRounds": 2,
    "type": "rest",
  },
  {
    "blockIndex": 0,
    "blockName": "Warmup",
    "drillIndex": 1,
    "duration": 45,
    "exerciseId": "dyn_ham_scoop",
    "exerciseName": "Dynamic Hamstring Scoop",
    "id": 9,
    "instruction": "Step forward, heel down, scoop ground.",
    "round": 2,
    "totalDrills": 3,
    "totalRounds": 2,
    "type": "work",
    "visualRef": "ham_scoop.png",
  },
  {
    "blockIndex": 0,
    "blockName": "Warmup",
    "duration": 15,
    "id": 10,
    "isRoundTransition": false,
    "nextExercise": "Cossack Squat",
    "round": 2,
    "totalRounds": 2,
    "type": "rest",
  },
  {
    "blockIndex": 0,
    "blockName": "Warmup",
    "drillIndex": 2,
    "duration": 45,
    "exerciseId": "cossack_sq",
    "exerciseName": "Cossack Squat",
    "id": 11,
    "instruction": "Wide stance, sit into one heel. Alternating.",
    "round": 2,
    "totalDrills": 3,
    "totalRounds": 2,
    "type": "work",
    "visualRef": "cossack.png",
  },
  {
    "blockIndex": 0,
    "blockName": "Warmup",
    "duration": 30,
    "id": 12,
    "nextExercise": "Single Leg Press",
    "type": "block_rest",
  },
  {
    "blockIndex": 1,
    "blockName": "Circuit",
    "drillCount": 4,
    "id": 13,
    "rounds": 4,
    "totalBlocks": 3,
    "type": "block_start",
  },
  {
    "blockIndex": 1,
    "blockName": "Circuit",
    "drillIndex": 0,
    "duration": 45,
    "exerciseId": "leg_press_sl",
    "exerciseName": "Single Leg Press",
    "id": 14,
    "instruction": "Focus on the 'pushing away' and slow return.",
    "round": 1,
    "totalDrills": 4,
    "totalRounds": 4,
    "type": "work",
    "visualRef": "leg_press.png",
  },
  {
    "blockIndex": 1,
    "blockName": "Circuit",
    "duration": 45,
    "id": 15,
    "isRoundTransition": false,
    "nextExercise": "Nordic Hamstring Drop",
    "round": 1,
    "totalRounds": 4,
    "type": "rest",
  },
  {
    "blockIndex": 1,
    "blockName": "Circuit",
    "drillIndex": 1,
    "duration": 45,
    "exerciseId": "nordic_drop",
    "exerciseName": "Nordic Hamstring Drop",
    "id": 16,
    "instruction": "Lower torso slowly to floor using hams.",
    "round": 1,
    "totalDrills": 4,
    "totalRounds": 4,
    "type": "work",
    "visualRef": "nordic.png",
  },
  {
    "blockIndex": 1,
    "blockName": "Circuit",
    "duration": 45,
    "id": 17,
    "isRoundTransition": false,
    "nextExercise": "Skater Hops",
    "round": 1,
    "totalRounds": 4,
    "type": "rest",
  },
  {
    "blockIndex": 1,
    "blockName": "Circuit",
    "drillIndex": 2,
    "duration": 45,
    "exerciseId": "skater_hops",
    "exerciseName": "Skater Hops",
    "id": 18,
    "instruction": "Lateral explosive jumps. Hold land 1s.",
    "round": 1,
    "totalDrills": 4,
    "totalRounds": 4,
    "type": "work",
    "visualRef": "skater.png",
  },
  {
    "blockIndex": 1,
    "blockName": "Circuit",
    "duration": 45,
    "id": 19,
    "isRoundTransition": false,
    "nextExercise": "Pallof Press",
    "round": 1,
    "totalRounds": 4,
    "type": "rest",
  },
  {
    "blockIndex": 1,
    "blockName": "Circuit",
    "drillIndex": 3,
    "duration": 45,
    "exerciseId": "pallof_press",
    "exerciseName": "Pallof Press",
    "id": 20,
    "instruction": "Hold cable at chest, push out, resist rotation.",
    "round": 1,
    "totalDrills": 4,
    "totalRounds": 4,
    "type": "work",
    "visualRef": "pallof.png",
  },
  {
    "blockIndex": 1,
    "blockName": "Circuit",
    "duration": 45,
    "id": 21,
    "isRoundTransition": true,
    "nextExercise": "Single Leg Press",
    "round": 1,
    "totalRounds": 4,
    "type": "rest",
  },
  {
    "blockIndex": 1,
    "blockName": "Circuit",
    "drillIndex": 0,
    "duration": 45,
    "exerciseId": "leg_press_sl",
    "exerciseName": "Single Leg Press",
    "id": 22,
    "instruction": "Focus on the 'pushing away' and slow return.",
    "round": 2,
    "totalDrills": 4,
    "totalRounds": 4,
    "type": "work",
    "visualRef": "leg_press.png",
  },
  {
    "blockIndex": 1,
    "blockName": "Circuit",
    "duration": 45,
    "id": 23,
    "isRoundTransition": false,
    "nextExercise": "Nordic Hamstring Drop",
    "round": 2,
    "totalRounds": 4,
    "type": "rest",
  },
  {
    "blockIndex": 1,
    "blockName": "Circuit",
    "drillIndex": 1,
    "duration": 45,
    "exerciseId": "nordic_drop",
    "exerciseName": "Nordic Hamstring Drop",
    "id": 24,
    "instruction": "Lower torso slowly to floor using hams.",
    "round": 2,
    "totalDrills": 4,
    "totalRounds": 4,
    "type": "work",
    "visualRef": "nordic.png",
  },
  {
    "blockIndex": 1,
    "blockName": "Circuit",
    "duration": 45,
    "id": 25,
    "isRoundTransition": false,
    "nextExercise": "Skater Hops",
    "round": 2,
    "totalRounds": 4,
    "type": "rest",
  },
  {
    "blockIndex": 1,
    "blockName": "Circuit",
    "drillIndex": 2,
    "duration": 45,
    "exerciseId": "skater_hops",
    "exerciseName": "Skater Hops",
    "id": 26,
    "instruction": "Lateral explosive jumps. Hold land 1s.",
    "round": 2,
    "totalDrills": 4,
    "totalRounds": 4,
    "type": "work",
    "visualRef": "skater.png",
  },
  {
    "blockIndex": 1,
    "blockName": "Circuit",
    "duration": 45,
    "id": 27,
    "isRoundTransition": false,
    "nextExercise": "Pallof Press",
    "round": 2,
    "totalRounds": 4,
    "type": "rest",
  },
  {
    "blockIndex": 1,
    "blockName": "Circuit",
    "drillIndex": 3,
    "duration": 45,
    "exerciseId": "pallof_press",
    "exerciseName": "Pallof Press",
    "id": 28,
    "instruction": "Hold cable at chest, push out, resist rotation.",
    "round": 2,
    "totalDrills": 4,
    "totalRounds": 4,
    "type": "work",
    "visualRef": "pallof.png",
  },
  {
    "blockIndex": 1,
    "blockName": "Circuit",
    "duration": 45,
    "id": 29,
    "isRoundTransition": true,
    "nextExercise": "Single Leg Press",
    "round": 2,
    "totalRounds": 4,
    "type": "rest",
  },
  {
    "blockIndex": 1,
    "blockName": "Circuit",
    "drillIndex": 0,
    "duration": 45,
    "exerciseId": "leg_press_sl",
    "exerciseName": "Single Leg Press",
    "id": 30,
    "instruction": "Focus on the 'pushing away' and slow return.",
    "round": 3,
    "totalDrills": 4,
    "totalRounds": 4,
    "type": "work",
    "visualRef": "leg_press.png",
  },
  {
    "blockIndex": 1,
    "blockName": "Circuit",
    "duration": 45,
    "id": 31,
    "isRoundTransition": false,
    "nextExercise": "Nordic Hamstring Drop",
    "round": 3,
    "totalRounds": 4,
    "type": "rest",
  },
  {
    "blockIndex": 1,
    "blockName": "Circuit",
    "drillIndex": 1,
    "duration": 45,
    "exerciseId": "nordic_drop",
    "exerciseName": "Nordic Hamstring Drop",
    "id": 32,
    "instruction": "Lower torso slowly to floor using hams.",
    "round": 3,
    "totalDrills": 4,
    "totalRounds": 4,
    "type": "work",
    "visualRef": "nordic.png",
  },
  {
    "blockIndex": 1,
    "blockName": "Circuit",
    "duration": 45,
    "id": 33,
    "isRoundTransition": false,
    "nextExercise": "Skater Hops",
    "round": 3,
    "totalRounds": 4,
    "type": "rest",
  },
  {
    "blockIndex": 1,
    "blockName": "Circuit",
    "drillIndex": 2,
    "duration": 45,
    "exerciseId": "skater_hops",
    "exerciseName": "Skater Hops",
    "id": 34,
    "instruction": "Lateral explosive jumps. Hold land 1s.",
    "round": 3,
    "totalDrills": 4,
    "totalRounds": 4,
    "type": "work",
    "visualRef": "skater.png",
  },
  {
    "blockIndex": 1,
    "blockName": "Circuit",
    "duration": 45,
    "id": 35,
    "isRoundTransition": false,
    "nextExercise": "Pallof Press",
    "round": 3,
    "totalRounds": 4,
    "type": "rest",
  },
  {
    "blockIndex": 1,
    "blockName": "Circuit",
    "drillIndex": 3,
    "duration": 45,
    "exerciseId": "pallof_press",
    "exerciseName": "Pallof Press",
    "id": 36,
    "instruction": "Hold cable at chest, push out, resist rotation.",
    "round": 3,
    "totalDrills": 4,
    "totalRounds": 4,
    "type": "work",
    "visualRef": "pallof.png",
  },
  {
    "blockIndex": 1,
    "blockName": "Circuit",
    "duration": 45,
    "id": 37,
    "isRoundTransition": true,
    "nextExercise": "Single Leg Press",
    "round": 3,
    "totalRounds": 4,
    "type": "rest",
  },
  {
    "blockIndex": 1,
    "blockName": "Circuit",
    "drillIndex": 0,
    "duration": 45,
    "exerciseId": "leg_press_sl",
    "exerciseName": "Single Leg Press",
    "id": 38,
    "instruction": "Focus on the 'pushing away' and slow return.",
    "round": 4,
    "totalDrills": 4,
    "totalRounds": 4,
    "type": "work",
    "visualRef": "leg_press.png",
  },
  {
    "blockIndex": 1,
    "blockName": "Circuit",
    "duration": 45,
    "id": 39,
    "isRoundTransition": false,
    "nextExercise": "Nordic Hamstring Drop",
    "round": 4,
    "totalRounds": 4,
    "type": "rest",
  },
  {
    "blockIndex": 1,
    "blockName": "Circuit",
    "drillIndex": 1,
    "duration": 45,
    "exerciseId": "nordic_drop",
    "exerciseName": "Nordic Hamstring Drop",
    "id": 40,
    "instruction": "Lower torso slowly to floor using hams.",
    "round": 4,
    "totalDrills": 4,
    "totalRounds": 4,
    "type": "work",
    "visualRef": "nordic.png",
  },
  {
    "blockIndex": 1,
    "blockName": "Circuit",
    "duration": 45,
    "id": 41,
    "isRoundTransition": false,
    "nextExercise": "Skater Hops",
    "round": 4,
    "totalRounds": 4,
    "type": "rest",
  },
  {
    "blockIndex": 1,
    "blockName": "Circuit",
    "drillIndex": 2,
    "duration": 45,
    "exerciseId": "skater_hops",
    "exerciseName": "Skater Hops",
    "id": 42,
    "instruction": "Lateral explosive jumps. Hold land 1s.",
    "round": 4,
    "totalDrills": 4,
    "totalRounds": 4,
    "type": "work",
    "visualRef": "skater.png",
  },
  {
    "blockIndex": 1,
    "blockName": "Circuit",
    "duration": 45,
    "id": 43,
    "isRoundTransition": false,
    "nextExercise": "Pallof Press",
    "round": 4,
    "totalRounds": 4,
    "type": "rest",
  },
  {
    "blockIndex": 1,
    "blockName": "Circuit",
    "drillIndex": 3,
    "duration": 45,
    "exerciseId": "pallof_press",
    "exerciseName": "Pallof Press",
    "id": 44,
    "instruction": "Hold cable at chest, push out, resist rotation.",
    "round": 4,
    "totalDrills": 4,
    "totalRounds": 4,
    "type": "work",
    "visualRef": "pallof.png",
  },
  {
    "blockIndex": 1,
    "blockName": "Circuit",
    "duration": 60,
    "id": 45,
    "nextExercise": "Dead Bug",
    "type": "block_rest",
  },
  {
    "blockIndex": 2,
    "blockName": "Core Burn",
    "drillCount": 2,
    "id": 46,
    "rounds": 3,
    "totalBlocks": 3,
    "type": "block_start",
  },
  {
    "blockIndex": 2,
    "blockName": "Core Burn",
    "drillIndex": 0,
    "duration": 50,
    "exerciseId": "dead_bug",
    "exerciseName": "Dead Bug",
    "id": 47,
    "instruction": "Opposite arm/leg move. Back glued to floor.",
    "round": 1,
    "totalDrills": 2,
    "totalRounds": 3,
    "type": "work",
    "visualRef": "dead_bug.png",
  },
  {
    "blockIndex": 2,
    "blockName": "Core Burn",
    "duration": 10,
    "id": 48,
    "isRoundTransition": false,
    "nextExercise": "Weighted Russian Twist",
    "round": 1,
    "totalRounds": 3,
    "type": "rest",
  },
  {
    "blockIndex": 2,
    "blockName": "Core Burn",
    "drillIndex": 1,
    "duration": 50,
    "exerciseId": "russian_twist",
    "exerciseName": "Weighted Russian Twist",
    "id": 49,
    "instruction": "Rotate shoulders side to side.",
    "round": 1,
    "totalDrills": 2,
    "totalRounds": 3,
    "type": "work",
    "visualRef": "twist.png",
  },
  {
    "blockIndex": 2,
    "blockName": "Core Burn",
    "duration": 10,
    "id": 50,
    "isRoundTransition": true,
    "nextExercise": "Dead Bug",
    "round": 1,
    "totalRounds": 3,
    "type": "rest",
  },
  {
    "blockIndex": 2,
    "blockName": "Core Burn",
    "drillIndex": 0,
    "duration": 50,
    "exerciseId": "dead_bug",
    "exerciseName": "Dead Bug",
    "id": 51,
    "instruction": "Opposite arm/leg move. Back glued to floor.",
    "round": 2,
    "totalDrills": 2,
    "totalRounds": 3,
    "type": "work",
    "visualRef": "dead_bug.png",
  },
  {
    "blockIndex": 2,
    "blockName": "Core Burn",
    "duration": 10,
    "id": 52,
    "isRoundTransition": false,
    "nextExercise": "Weighted Russian Twist",
    "round": 2,
    "totalRounds": 3,
    "type": "rest",
  },
  {
    "blockIndex": 2,
    "blockName": "Core Burn",
    "drillIndex": 1,
    "duration": 50,
    "exerciseId": "russian_twist",
    "exerciseName": "Weighted Russian Twist",
    "id": 53,
    "instruction": "Rotate shoulders side to side.",
    "round": 2,
    "totalDrills": 2,
    "totalRounds": 3,
    "type": "work",
    "visualRef": "twist.png",
  },
  {
    "blockIndex": 2,
    "blockName": "Core Burn",
    "duration": 10,
    "id": 54,
    "isRoundTransition": true,
    "nextExercise": "Dead Bug",
    "round": 2,
    "totalRounds": 3,
    "type": "rest",
  },
  {
    "blockIndex": 2,
    "blockName": "Core Burn",
    "drillIndex": 0,
    "duration": 50,
    "exerciseId": "dead_bug",
    "exerciseName": "Dead Bug",
    "id": 55,
    "instruction": "Opposite arm/leg move. Back glued to floor.",
    "round": 3,
    "totalDrills": 2,
    "totalRounds": 3,
    "type": "work",
    "visualRef": "dead_bug.png",
  },
  {
    "blockIndex": 2,
    "blockName": "Core Burn",
    "duration": 10,
    "id": 56,
    "isRoundTransition": false,
    "nextExercise": "Weighted Russian Twist",
    "round": 3,
    "totalRounds": 3,
    "type": "rest",
  },
  {
    "blockIndex": 2,
    "blockName": "Core Burn",
    "drillIndex": 1,
    "duration": 50,
    "exerciseId": "russian_twist",
    "exerciseName": "Weighted Russian Twist",
    "id": 57,
    "instruction": "Rotate shoulders side to side.",
    "round": 3,
    "totalDrills": 2,
    "totalRounds": 3,
    "type": "work",
    "visualRef": "twist.png",
  },
  {
    "id": 58,
    "type": "workout_complete",
    "workoutName": "Wed: Speed & Endurance",
  },
]
`;

exports[`Linearizer Golden Master Regression > should produce consistent output for template: home_thursday_p1 1`] = `
[
  {
    "blockIndex": 0,
    "blockName": "Warmup",
    "drillCount": 2,
    "id": 0,
    "rounds": 2,
    "totalBlocks": 2,
    "type": "block_start",
  },
  {
    "blockIndex": 0,
    "blockName": "Warmup",
    "drillIndex": 0,
    "duration": 45,
    "exerciseId": "cat_cow",
    "exerciseName": "Cat-Cow Stretch",
    "id": 1,
    "instruction": "Move spine rhythmically. Breathe deeply.",
    "round": 1,
    "totalDrills": 2,
    "totalRounds": 2,
    "type": "work",
    "visualRef": "cat_cow.png",
  },
  {
    "blockIndex": 0,
    "blockName": "Warmup",
    "duration": 15,
    "id": 2,
    "isRoundTransition": false,
    "nextExercise": "Dynamic Hamstring Scoop",
    "round": 1,
    "totalRounds": 2,
    "type": "rest",
  },
  {
    "blockIndex": 0,
    "blockName": "Warmup",
    "drillIndex": 1,
    "duration": 45,
    "exerciseId": "dyn_ham_scoop",
    "exerciseName": "Dynamic Hamstring Scoop",
    "id": 3,
    "instruction": "Step forward, heel down, scoop ground.",
    "round": 1,
    "totalDrills": 2,
    "totalRounds": 2,
    "type": "work",
    "visualRef": "ham_scoop.png",
  },
  {
    "blockIndex": 0,
    "blockName": "Warmup",
    "duration": 15,
    "id": 4,
    "isRoundTransition": true,
    "nextExercise": "Cat-Cow Stretch",
    "round": 1,
    "totalRounds": 2,
    "type": "rest",
  },
  {
    "blockIndex": 0,
    "blockName": "Warmup",
    "drillIndex": 0,
    "duration": 45,
    "exerciseId": "cat_cow",
    "exerciseName": "Cat-Cow Stretch",
    "id": 5,
    "instruction": "Move spine rhythmically. Breathe deeply.",
    "round": 2,
    "totalDrills": 2,
    "totalRounds": 2,
    "type": "work",
    "visualRef": "cat_cow.png",
  },
  {
    "blockIndex": 0,
    "blockName": "Warmup",
    "duration": 15,
    "id": 6,
    "isRoundTransition": false,
    "nextExercise": "Dynamic Hamstring Scoop",
    "round": 2,
    "totalRounds": 2,
    "type": "rest",
  },
  {
    "blockIndex": 0,
    "blockName": "Warmup",
    "drillIndex": 1,
    "duration": 45,
    "exerciseId": "dyn_ham_scoop",
    "exerciseName": "Dynamic Hamstring Scoop",
    "id": 7,
    "instruction": "Step forward, heel down, scoop ground.",
    "round": 2,
    "totalDrills": 2,
    "totalRounds": 2,
    "type": "work",
    "visualRef": "ham_scoop.png",
  },
  {
    "blockIndex": 0,
    "blockName": "Warmup",
    "duration": 30,
    "id": 8,
    "nextExercise": "BOSU Air Squat",
    "type": "block_rest",
  },
  {
    "blockIndex": 1,
    "blockName": "BOSU Circuit",
    "drillCount": 4,
    "id": 9,
    "rounds": 5,
    "totalBlocks": 2,
    "type": "block_start",
  },
  {
    "blockIndex": 1,
    "blockName": "BOSU Circuit",
    "drillIndex": 0,
    "duration": 45,
    "exerciseId": "bosu_squat",
    "exerciseName": "BOSU Air Squat",
    "id": 10,
    "instruction": "Stand on dome. Maintain balance.",
    "round": 1,
    "totalDrills": 4,
    "totalRounds": 5,
    "type": "work",
    "visualRef": "bosu_sq.png",
  },
  {
    "blockIndex": 1,
    "blockName": "BOSU Circuit",
    "duration": 30,
    "id": 11,
    "isRoundTransition": false,
    "nextExercise": "BOSU Hamstring Bridge",
    "round": 1,
    "totalRounds": 5,
    "type": "rest",
  },
  {
    "blockIndex": 1,
    "blockName": "BOSU Circuit",
    "drillIndex": 1,
    "duration": 45,
    "exerciseId": "bosu_bridge",
    "exerciseName": "BOSU Hamstring Bridge",
    "id": 12,
    "instruction": "Feet on dome, lift hips.",
    "round": 1,
    "totalDrills": 4,
    "totalRounds": 5,
    "type": "work",
    "visualRef": "bosu_bridge.png",
  },
  {
    "blockIndex": 1,
    "blockName": "BOSU Circuit",
    "duration": 30,
    "id": 13,
    "isRoundTransition": false,
    "nextExercise": "BOSU SL Balance",
    "round": 1,
    "totalRounds": 5,
    "type": "rest",
  },
  {
    "blockIndex": 1,
    "blockName": "BOSU Circuit",
    "drillIndex": 2,
    "duration": 45,
    "exerciseId": "bosu_sl_bal",
    "exerciseName": "BOSU SL Balance",
    "id": 14,
    "instruction": "30s per leg on the dome.",
    "round": 1,
    "totalDrills": 4,
    "totalRounds": 5,
    "type": "work",
    "visualRef": "bosu_bal.png",
  },
  {
    "blockIndex": 1,
    "blockName": "BOSU Circuit",
    "duration": 30,
    "id": 15,
    "isRoundTransition": false,
    "nextExercise": "Bird-Dog (on BOSU)",
    "round": 1,
    "totalRounds": 5,
    "type": "rest",
  },
  {
    "blockIndex": 1,
    "blockName": "BOSU Circuit",
    "drillIndex": 3,
    "duration": 45,
    "exerciseId": "bird_dog",
    "exerciseName": "Bird-Dog (on BOSU)",
    "id": 16,
    "instruction": "Knees on dome. Extend opposite limbs.",
    "round": 1,
    "totalDrills": 4,
    "totalRounds": 5,
    "type": "work",
    "visualRef": "bird_dog.png",
  },
  {
    "blockIndex": 1,
    "blockName": "BOSU Circuit",
    "duration": 30,
    "id": 17,
    "isRoundTransition": true,
    "nextExercise": "BOSU Air Squat",
    "round": 1,
    "totalRounds": 5,
    "type": "rest",
  },
  {
    "blockIndex": 1,
    "blockName": "BOSU Circuit",
    "drillIndex": 0,
    "duration": 45,
    "exerciseId": "bosu_squat",
    "exerciseName": "BOSU Air Squat",
    "id": 18,
    "instruction": "Stand on dome. Maintain balance.",
    "round": 2,
    "totalDrills": 4,
    "totalRounds": 5,
    "type": "work",
    "visualRef": "bosu_sq.png",
  },
  {
    "blockIndex": 1,
    "blockName": "BOSU Circuit",
    "duration": 30,
    "id": 19,
    "isRoundTransition": false,
    "nextExercise": "BOSU Hamstring Bridge",
    "round": 2,
    "totalRounds": 5,
    "type": "rest",
  },
  {
    "blockIndex": 1,
    "blockName": "BOSU Circuit",
    "drillIndex": 1,
    "duration": 45,
    "exerciseId": "bosu_bridge",
    "exerciseName": "BOSU Hamstring Bridge",
    "id": 20,
    "instruction": "Feet on dome, lift hips.",
    "round": 2,
    "totalDrills": 4,
    "totalRounds": 5,
    "type": "work",
    "visualRef": "bosu_bridge.png",
  },
  {
    "blockIndex": 1,
    "blockName": "BOSU Circuit",
    "duration": 30,
    "id": 21,
    "isRoundTransition": false,
    "nextExercise": "BOSU SL Balance",
    "round": 2,
    "totalRounds": 5,
    "type": "rest",
  },
  {
    "blockIndex": 1,
    "blockName": "BOSU Circuit",
    "drillIndex": 2,
    "duration": 45,
    "exerciseId": "bosu_sl_bal",
    "exerciseName": "BOSU SL Balance",
    "id": 22,
    "instruction": "30s per leg on the dome.",
    "round": 2,
    "totalDrills": 4,
    "totalRounds": 5,
    "type": "work",
    "visualRef": "bosu_bal.png",
  },
  {
    "blockIndex": 1,
    "blockName": "BOSU Circuit",
    "duration": 30,
    "id": 23,
    "isRoundTransition": false,
    "nextExercise": "Bird-Dog (on BOSU)",
    "round": 2,
    "totalRounds": 5,
    "type": "rest",
  },
  {
    "blockIndex": 1,
    "blockName": "BOSU Circuit",
    "drillIndex": 3,
    "duration": 45,
    "exerciseId": "bird_dog",
    "exerciseName": "Bird-Dog (on BOSU)",
    "id": 24,
    "instruction": "Knees on dome. Extend opposite limbs.",
    "round": 2,
    "totalDrills": 4,
    "totalRounds": 5,
    "type": "work",
    "visualRef": "bird_dog.png",
  },
  {
    "blockIndex": 1,
    "blockName": "BOSU Circuit",
    "duration": 30,
    "id": 25,
    "isRoundTransition": true,
    "nextExercise": "BOSU Air Squat",
    "round": 2,
    "totalRounds": 5,
    "type": "rest",
  },
  {
    "blockIndex": 1,
    "blockName": "BOSU Circuit",
    "drillIndex": 0,
    "duration": 45,
    "exerciseId": "bosu_squat",
    "exerciseName": "BOSU Air Squat",
    "id": 26,
    "instruction": "Stand on dome. Maintain balance.",
    "round": 3,
    "totalDrills": 4,
    "totalRounds": 5,
    "type": "work",
    "visualRef": "bosu_sq.png",
  },
  {
    "blockIndex": 1,
    "blockName": "BOSU Circuit",
    "duration": 30,
    "id": 27,
    "isRoundTransition": false,
    "nextExercise": "BOSU Hamstring Bridge",
    "round": 3,
    "totalRounds": 5,
    "type": "rest",
  },
  {
    "blockIndex": 1,
    "blockName": "BOSU Circuit",
    "drillIndex": 1,
    "duration": 45,
    "exerciseId": "bosu_bridge",
    "exerciseName": "BOSU Hamstring Bridge",
    "id": 28,
    "instruction": "Feet on dome, lift hips.",
    "round": 3,
    "totalDrills": 4,
    "totalRounds": 5,
    "type": "work",
    "visualRef": "bosu_bridge.png",
  },
  {
    "blockIndex": 1,
    "blockName": "BOSU Circuit",
    "duration": 30,
    "id": 29,
    "isRoundTransition": false,
    "nextExercise": "BOSU SL Balance",
    "round": 3,
    "totalRounds": 5,
    "type": "rest",
  },
  {
    "blockIndex": 1,
    "blockName": "BOSU Circuit",
    "drillIndex": 2,
    "duration": 45,
    "exerciseId": "bosu_sl_bal",
    "exerciseName": "BOSU SL Balance",
    "id": 30,
    "instruction": "30s per leg on the dome.",
    "round": 3,
    "totalDrills": 4,
    "totalRounds": 5,
    "type": "work",
    "visualRef": "bosu_bal.png",
  },
  {
    "blockIndex": 1,
    "blockName": "BOSU Circuit",
    "duration": 30,
    "id": 31,
    "isRoundTransition": false,
    "nextExercise": "Bird-Dog (on BOSU)",
    "round": 3,
    "totalRounds": 5,
    "type": "rest",
  },
  {
    "blockIndex": 1,
    "blockName": "BOSU Circuit",
    "drillIndex": 3,
    "duration": 45,
    "exerciseId": "bird_dog",
    "exerciseName": "Bird-Dog (on BOSU)",
    "id": 32,
    "instruction": "Knees on dome. Extend opposite limbs.",
    "round": 3,
    "totalDrills": 4,
    "totalRounds": 5,
    "type": "work",
    "visualRef": "bird_dog.png",
  },
  {
    "blockIndex": 1,
    "blockName": "BOSU Circuit",
    "duration": 30,
    "id": 33,
    "isRoundTransition": true,
    "nextExercise": "BOSU Air Squat",
    "round": 3,
    "totalRounds": 5,
    "type": "rest",
  },
  {
    "blockIndex": 1,
    "blockName": "BOSU Circuit",
    "drillIndex": 0,
    "duration": 45,
    "exerciseId": "bosu_squat",
    "exerciseName": "BOSU Air Squat",
    "id": 34,
    "instruction": "Stand on dome. Maintain balance.",
    "round": 4,
    "totalDrills": 4,
    "totalRounds": 5,
    "type": "work",
    "visualRef": "bosu_sq.png",
  },
  {
    "blockIndex": 1,
    "blockName": "BOSU Circuit",
    "duration": 30,
    "id": 35,
    "isRoundTransition": false,
    "nextExercise": "BOSU Hamstring Bridge",
    "round": 4,
    "totalRounds": 5,
    "type": "rest",
  },
  {
    "blockIndex": 1,
    "blockName": "BOSU Circuit",
    "drillIndex": 1,
    "duration": 45,
    "exerciseId": "bosu_bridge",
    "exerciseName": "BOSU Hamstring Bridge",
    "id": 36,
    "instruction": "Feet on dome, lift hips.",
    "round": 4,
    "totalDrills": 4,
    "totalRounds": 5,
    "type": "work",
    "visualRef": "bosu_bridge.png",
  },
  {
    "blockIndex": 1,
    "blockName": "BOSU Circuit",
    "duration": 30,
    "id": 37,
    "isRoundTransition": false,
    "nextExercise": "BOSU SL Balance",
    "round": 4,
    "totalRounds": 5,
    "type": "rest",
  },
  {
    "blockIndex": 1,
    "blockName": "BOSU Circuit",
    "drillIndex": 2,
    "duration": 45,
    "exerciseId": "bosu_sl_bal",
    "exerciseName": "BOSU SL Balance",
    "id": 38,
    "instruction": "30s per leg on the dome.",
    "round": 4,
    "totalDrills": 4,
    "totalRounds": 5,
    "type": "work",
    "visualRef": "bosu_bal.png",
  },
  {
    "blockIndex": 1,
    "blockName": "BOSU Circuit",
    "duration": 30,
    "id": 39,
    "isRoundTransition": false,
    "nextExercise": "Bird-Dog (on BOSU)",
    "round": 4,
    "totalRounds": 5,
    "type": "rest",
  },
  {
    "blockIndex": 1,
    "blockName": "BOSU Circuit",
    "drillIndex": 3,
    "duration": 45,
    "exerciseId": "bird_dog",
    "exerciseName": "Bird-Dog (on BOSU)",
    "id": 40,
    "instruction": "Knees on dome. Extend opposite limbs.",
    "round": 4,
    "totalDrills": 4,
    "totalRounds": 5,
    "type": "work",
    "visualRef": "bird_dog.png",
  },
  {
    "blockIndex": 1,
    "blockName": "BOSU Circuit",
    "duration": 30,
    "id": 41,
    "isRoundTransition": true,
    "nextExercise": "BOSU Air Squat",
    "round": 4,
    "totalRounds": 5,
    "type": "rest",
  },
  {
    "blockIndex": 1,
    "blockName": "BOSU Circuit",
    "drillIndex": 0,
    "duration": 45,
    "exerciseId": "bosu_squat",
    "exerciseName": "BOSU Air Squat",
    "id": 42,
    "instruction": "Stand on dome. Maintain balance.",
    "round": 5,
    "totalDrills": 4,
    "totalRounds": 5,
    "type": "work",
    "visualRef": "bosu_sq.png",
  },
  {
    "blockIndex": 1,
    "blockName": "BOSU Circuit",
    "duration": 30,
    "id": 43,
    "isRoundTransition": false,
    "nextExercise": "BOSU Hamstring Bridge",
    "round": 5,
    "totalRounds": 5,
    "type": "rest",
  },
  {
    "blockIndex": 1,
    "blockName": "BOSU Circuit",
    "drillIndex": 1,
    "duration": 45,
    "exerciseId": "bosu_bridge",
    "exerciseName": "BOSU Hamstring Bridge",
    "id": 44,
    "instruction": "Feet on dome, lift hips.",
    "round": 5,
    "totalDrills": 4,
    "totalRounds": 5,
    "type": "work",
    "visualRef": "bosu_bridge.png",
  },
  {
    "blockIndex": 1,
    "blockName": "BOSU Circuit",
    "duration": 30,
    "id": 45,
    "isRoundTransition": false,
    "nextExercise": "BOSU SL Balance",
    "round": 5,
    "totalRounds": 5,
    "type": "rest",
  },
  {
    "blockIndex": 1,
    "blockName": "BOSU Circuit",
    "drillIndex": 2,
    "duration": 45,
    "exerciseId": "bosu_sl_bal",
    "exerciseName": "BOSU SL Balance",
    "id": 46,
    "instruction": "30s per leg on the dome.",
    "round": 5,
    "totalDrills": 4,
    "totalRounds": 5,
    "type": "work",
    "visualRef": "bosu_bal.png",
  },
  {
    "blockIndex": 1,
    "blockName": "BOSU Circuit",
    "duration": 30,
    "id": 47,
    "isRoundTransition": false,
    "nextExercise": "Bird-Dog (on BOSU)",
    "round": 5,
    "totalRounds": 5,
    "type": "rest",
  },
  {
    "blockIndex": 1,
    "blockName": "BOSU Circuit",
    "drillIndex": 3,
    "duration": 45,
    "exerciseId": "bird_dog",
    "exerciseName": "Bird-Dog (on BOSU)",
    "id": 48,
    "instruction": "Knees on dome. Extend opposite limbs.",
    "round": 5,
    "totalDrills": 4,
    "totalRounds": 5,
    "type": "work",
    "visualRef": "bird_dog.png",
  },
  {
    "id": 49,
    "type": "workout_complete",
    "workoutName": "Thu: Proprioception Base",
  },
]
`;

exports[`Linearizer Golden Master Regression > should produce consistent output for template: home_thursday_p2 1`] = `
[
  {
    "blockIndex": 0,
    "blockName": "Warmup",
    "drillCount": 2,
    "id": 0,
    "rounds": 2,
    "totalBlocks": 2,
    "type": "block_start",
  },
  {
    "blockIndex": 0,
    "blockName": "Warmup",
    "drillIndex": 0,
    "duration": 45,
    "exerciseId": "cat_cow",
    "exerciseName": "Cat-Cow Stretch",
    "id": 1,
    "instruction": "Move spine rhythmically. Breathe deeply.",
    "round": 1,
    "totalDrills": 2,
    "totalRounds": 2,
    "type": "work",
    "visualRef": "cat_cow.png",
  },
  {
    "blockIndex": 0,
    "blockName": "Warmup",
    "duration": 15,
    "id": 2,
    "isRoundTransition": false,
    "nextExercise": "Cossack Squat",
    "round": 1,
    "totalRounds": 2,
    "type": "rest",
  },
  {
    "blockIndex": 0,
    "blockName": "Warmup",
    "drillIndex": 1,
    "duration": 45,
    "exerciseId": "cossack_sq",
    "exerciseName": "Cossack Squat",
    "id": 3,
    "instruction": "Wide stance, sit into one heel. Alternating.",
    "round": 1,
    "totalDrills": 2,
    "totalRounds": 2,
    "type": "work",
    "visualRef": "cossack.png",
  },
  {
    "blockIndex": 0,
    "blockName": "Warmup",
    "duration": 15,
    "id": 4,
    "isRoundTransition": true,
    "nextExercise": "Cat-Cow Stretch",
    "round": 1,
    "totalRounds": 2,
    "type": "rest",
  },
  {
    "blockIndex": 0,
    "blockName": "Warmup",
    "drillIndex": 0,
    "duration": 45,
    "exerciseId": "cat_cow",
    "exerciseName": "Cat-Cow Stretch",
    "id": 5,
    "instruction": "Move spine rhythmically. Breathe deeply.",
    "round": 2,
    "totalDrills": 2,
    "totalRounds": 2,
    "type": "work",
    "visualRef": "cat_cow.png",
  },
  {
    "blockIndex": 0,
    "blockName": "Warmup",
    "duration": 15,
    "id": 6,
    "isRoundTransition": false,
    "nextExercise": "Cossack Squat",
    "round": 2,
    "totalRounds": 2,
    "type": "rest",
  },
  {
    "blockIndex": 0,
    "blockName": "Warmup",
    "drillIndex": 1,
    "duration": 45,
    "exerciseId": "cossack_sq",
    "exerciseName": "Cossack Squat",
    "id": 7,
    "instruction": "Wide stance, sit into one heel. Alternating.",
    "round": 2,
    "totalDrills": 2,
    "totalRounds": 2,
    "type": "work",
    "visualRef": "cossack.png",
  },
  {
    "blockIndex": 0,
    "blockName": "Warmup",
    "duration": 30,
    "id": 8,
    "nextExercise": "BOSU Air Squat",
    "type": "block_rest",
  },
  {
    "blockIndex": 1,
    "blockName": "Endurance Block",
    "drillCount": 4,
    "id": 9,
    "rounds": 5,
    "totalBlocks": 2,
    "type": "block_start",
  },
  {
    "blockIndex": 1,
    "blockName": "Endurance Block",
    "drillIndex": 0,
    "duration": 50,
    "exerciseId": "bosu_squat",
    "exerciseName": "BOSU Air Squat",
    "id": 10,
    "instruction": "Stand on dome. Maintain balance.",
    "round": 1,
    "totalDrills": 4,
    "totalRounds": 5,
    "type": "work",
    "visualRef": "bosu_sq.png",
  },
  {
    "blockIndex": 1,
    "blockName": "Endurance Block",
    "duration": 30,
    "id": 11,
    "isRoundTransition": false,
    "nextExercise": "Nordic Hamstring Drop",
    "round": 1,
    "totalRounds": 5,
    "type": "rest",
  },
  {
    "blockIndex": 1,
    "blockName": "Endurance Block",
    "drillIndex": 1,
    "duration": 50,
    "exerciseId": "nordic_drop",
    "exerciseName": "Nordic Hamstring Drop",
    "id": 12,
    "instruction": "Lower torso slowly to floor using hams.",
    "round": 1,
    "totalDrills": 4,
    "totalRounds": 5,
    "type": "work",
    "visualRef": "nordic.png",
  },
  {
    "blockIndex": 1,
    "blockName": "Endurance Block",
    "duration": 30,
    "id": 13,
    "isRoundTransition": false,
    "nextExercise": "Skater Hops",
    "round": 1,
    "totalRounds": 5,
    "type": "rest",
  },
  {
    "blockIndex": 1,
    "blockName": "Endurance Block",
    "drillIndex": 2,
    "duration": 50,
    "exerciseId": "skater_hops",
    "exerciseName": "Skater Hops",
    "id": 14,
    "instruction": "Lateral explosive jumps. Hold land 1s.",
    "round": 1,
    "totalDrills": 4,
    "totalRounds": 5,
    "type": "work",
    "visualRef": "skater.png",
  },
  {
    "blockIndex": 1,
    "blockName": "Endurance Block",
    "duration": 30,
    "id": 15,
    "isRoundTransition": false,
    "nextExercise": "Bird-Dog (on BOSU)",
    "round": 1,
    "totalRounds": 5,
    "type": "rest",
  },
  {
    "blockIndex": 1,
    "blockName": "Endurance Block",
    "drillIndex": 3,
    "duration": 50,
    "exerciseId": "bird_dog",
    "exerciseName": "Bird-Dog (on BOSU)",
    "id": 16,
    "instruction": "Knees on dome. Extend opposite limbs.",
    "round": 1,
    "totalDrills": 4,
    "totalRounds": 5,
    "type": "work",
    "visualRef": "bird_dog.png",
  },
  {
    "blockIndex": 1,
    "blockName": "Endurance Block",
    "duration": 30,
    "id": 17,
    "isRoundTransition": true,
    "nextExercise": "BOSU Air Squat",
    "round": 1,
    "totalRounds": 5,
    "type": "rest",
  },
  {
    "blockIndex": 1,
    "blockName": "Endurance Block",
    "drillIndex": 0,
    "duration": 50,
    "exerciseId": "bosu_squat",
    "exerciseName": "BOSU Air Squat",
    "id": 18,
    "instruction": "Stand on dome. Maintain balance.",
    "round": 2,
    "totalDrills": 4,
    "totalRounds": 5,
    "type": "work",
    "visualRef": "bosu_sq.png",
  },
  {
    "blockIndex": 1,
    "blockName": "Endurance Block",
    "duration": 30,
    "id": 19,
    "isRoundTransition": false,
    "nextExercise": "Nordic Hamstring Drop",
    "round": 2,
    "totalRounds": 5,
    "type": "rest",
  },
  {
    "blockIndex": 1,
    "blockName": "Endurance Block",
    "drillIndex": 1,
    "duration": 50,
    "exerciseId": "nordic_drop",
    "exerciseName": "Nordic Hamstring Drop",
    "id": 20,
    "instruction": "Lower torso slowly to floor using hams.",
    "round": 2,
    "totalDrills": 4,
    "totalRounds": 5,
    "type": "work",
    "visualRef": "nordic.png",
  },
  {
    "blockIndex": 1,
    "blockName": "Endurance Block",
    "duration": 30,
    "id": 21,
    "isRoundTransition": false,
    "nextExercise": "Skater Hops",
    "round": 2,
    "totalRounds": 5,
    "type": "rest",
  },
  {
    "blockIndex": 1,
    "blockName": "Endurance Block",
    "drillIndex": 2,
    "duration": 50,
    "exerciseId": "skater_hops",
    "exerciseName": "Skater Hops",
    "id": 22,
    "instruction": "Lateral explosive jumps. Hold land 1s.",
    "round": 2,
    "totalDrills": 4,
    "totalRounds": 5,
    "type": "work",
    "visualRef": "skater.png",
  },
  {
    "blockIndex": 1,
    "blockName": "Endurance Block",
    "duration": 30,
    "id": 23,
    "isRoundTransition": false,
    "nextExercise": "Bird-Dog (on BOSU)",
    "round": 2,
    "totalRounds": 5,
    "type": "rest",
  },
  {
    "blockIndex": 1,
    "blockName": "Endurance Block",
    "drillIndex": 3,
    "duration": 50,
    "exerciseId": "bird_dog",
    "exerciseName": "Bird-Dog (on BOSU)",
    "id": 24,
    "instruction": "Knees on dome. Extend opposite limbs.",
    "round": 2,
    "totalDrills": 4,
    "totalRounds": 5,
    "type": "work",
    "visualRef": "bird_dog.png",
  },
  {
    "blockIndex": 1,
    "blockName": "Endurance Block",
    "duration": 30,
    "id": 25,
    "isRoundTransition": true,
    "nextExercise": "BOSU Air Squat",
    "round": 2,
    "totalRounds": 5,
    "type": "rest",
  },
  {
    "blockIndex": 1,
    "blockName": "Endurance Block",
    "drillIndex": 0,
    "duration": 50,
    "exerciseId": "bosu_squat",
    "exerciseName": "BOSU Air Squat",
    "id": 26,
    "instruction": "Stand on dome. Maintain balance.",
    "round": 3,
    "totalDrills": 4,
    "totalRounds": 5,
    "type": "work",
    "visualRef": "bosu_sq.png",
  },
  {
    "blockIndex": 1,
    "blockName": "Endurance Block",
    "duration": 30,
    "id": 27,
    "isRoundTransition": false,
    "nextExercise": "Nordic Hamstring Drop",
    "round": 3,
    "totalRounds": 5,
    "type": "rest",
  },
  {
    "blockIndex": 1,
    "blockName": "Endurance Block",
    "drillIndex": 1,
    "duration": 50,
    "exerciseId": "nordic_drop",
    "exerciseName": "Nordic Hamstring Drop",
    "id": 28,
    "instruction": "Lower torso slowly to floor using hams.",
    "round": 3,
    "totalDrills": 4,
    "totalRounds": 5,
    "type": "work",
    "visualRef": "nordic.png",
  },
  {
    "blockIndex": 1,
    "blockName": "Endurance Block",
    "duration": 30,
    "id": 29,
    "isRoundTransition": false,
    "nextExercise": "Skater Hops",
    "round": 3,
    "totalRounds": 5,
    "type": "rest",
  },
  {
    "blockIndex": 1,
    "blockName": "Endurance Block",
    "drillIndex": 2,
    "duration": 50,
    "exerciseId": "skater_hops",
    "exerciseName": "Skater Hops",
    "id": 30,
    "instruction": "Lateral explosive jumps. Hold land 1s.",
    "round": 3,
    "totalDrills": 4,
    "totalRounds": 5,
    "type": "work",
    "visualRef": "skater.png",
  },
  {
    "blockIndex": 1,
    "blockName": "Endurance Block",
    "duration": 30,
    "id": 31,
    "isRoundTransition": false,
    "nextExercise": "Bird-Dog (on BOSU)",
    "round": 3,
    "totalRounds": 5,
    "type": "rest",
  },
  {
    "blockIndex": 1,
    "blockName": "Endurance Block",
    "drillIndex": 3,
    "duration": 50,
    "exerciseId": "bird_dog",
    "exerciseName": "Bird-Dog (on BOSU)",
    "id": 32,
    "instruction": "Knees on dome. Extend opposite limbs.",
    "round": 3,
    "totalDrills": 4,
    "totalRounds": 5,
    "type": "work",
    "visualRef": "bird_dog.png",
  },
  {
    "blockIndex": 1,
    "blockName": "Endurance Block",
    "duration": 30,
    "id": 33,
    "isRoundTransition": true,
    "nextExercise": "BOSU Air Squat",
    "round": 3,
    "totalRounds": 5,
    "type": "rest",
  },
  {
    "blockIndex": 1,
    "blockName": "Endurance Block",
    "drillIndex": 0,
    "duration": 50,
    "exerciseId": "bosu_squat",
    "exerciseName": "BOSU Air Squat",
    "id": 34,
    "instruction": "Stand on dome. Maintain balance.",
    "round": 4,
    "totalDrills": 4,
    "totalRounds": 5,
    "type": "work",
    "visualRef": "bosu_sq.png",
  },
  {
    "blockIndex": 1,
    "blockName": "Endurance Block",
    "duration": 30,
    "id": 35,
    "isRoundTransition": false,
    "nextExercise": "Nordic Hamstring Drop",
    "round": 4,
    "totalRounds": 5,
    "type": "rest",
  },
  {
    "blockIndex": 1,
    "blockName": "Endurance Block",
    "drillIndex": 1,
    "duration": 50,
    "exerciseId": "nordic_drop",
    "exerciseName": "Nordic Hamstring Drop",
    "id": 36,
    "instruction": "Lower torso slowly to floor using hams.",
    "round": 4,
    "totalDrills": 4,
    "totalRounds": 5,
    "type": "work",
    "visualRef": "nordic.png",
  },
  {
    "blockIndex": 1,
    "blockName": "Endurance Block",
    "duration": 30,
    "id": 37,
    "isRoundTransition": false,
    "nextExercise": "Skater Hops",
    "round": 4,
    "totalRounds": 5,
    "type": "rest",
  },
  {
    "blockIndex": 1,
    "blockName": "Endurance Block",
    "drillIndex": 2,
    "duration": 50,
    "exerciseId": "skater_hops",
    "exerciseName": "Skater Hops",
    "id": 38,
    "instruction": "Lateral explosive jumps. Hold land 1s.",
    "round": 4,
    "totalDrills": 4,
    "totalRounds": 5,
    "type": "work",
    "visualRef": "skater.png",
  },
  {
    "blockIndex": 1,
    "blockName": "Endurance Block",
    "duration": 30,
    "id": 39,
    "isRoundTransition": false,
    "nextExercise": "Bird-Dog (on BOSU)",
    "round": 4,
    "totalRounds": 5,
    "type": "rest",
  },
  {
    "blockIndex": 1,
    "blockName": "Endurance Block",
    "drillIndex": 3,
    "duration": 50,
    "exerciseId": "bird_dog",
    "exerciseName": "Bird-Dog (on BOSU)",
    "id": 40,
    "instruction": "Knees on dome. Extend opposite limbs.",
    "round": 4,
    "totalDrills": 4,
    "totalRounds": 5,
    "type": "work",
    "visualRef": "bird_dog.png",
  },
  {
    "blockIndex": 1,
    "blockName": "Endurance Block",
    "duration": 30,
    "id": 41,
    "isRoundTransition": true,
    "nextExercise": "BOSU Air Squat",
    "round": 4,
    "totalRounds": 5,
    "type": "rest",
  },
  {
    "blockIndex": 1,
    "blockName": "Endurance Block",
    "drillIndex": 0,
    "duration": 50,
    "exerciseId": "bosu_squat",
    "exerciseName": "BOSU Air Squat",
    "id": 42,
    "instruction": "Stand on dome. Maintain balance.",
    "round": 5,
    "totalDrills": 4,
    "totalRounds": 5,
    "type": "work",
    "visualRef": "bosu_sq.png",
  },
  {
    "blockIndex": 1,
    "blockName": "Endurance Block",
    "duration": 30,
    "id": 43,
    "isRoundTransition": false,
    "nextExercise": "Nordic Hamstring Drop",
    "round": 5,
    "totalRounds": 5,
    "type": "rest",
  },
  {
    "blockIndex": 1,
    "blockName": "Endurance Block",
    "drillIndex": 1,
    "duration": 50,
    "exerciseId": "nordic_drop",
    "exerciseName": "Nordic Hamstring Drop",
    "id": 44,
    "instruction": "Lower torso slowly to floor using hams.",
    "round": 5,
    "totalDrills": 4,
    "totalRounds": 5,
    "type": "work",
    "visualRef": "nordic.png",
  },
  {
    "blockIndex": 1,
    "blockName": "Endurance Block",
    "duration": 30,
    "id": 45,
    "isRoundTransition": false,
    "nextExercise": "Skater Hops",
    "round": 5,
    "totalRounds": 5,
    "type": "rest",
  },
  {
    "blockIndex": 1,
    "blockName": "Endurance Block",
    "drillIndex": 2,
    "duration": 50,
    "exerciseId": "skater_hops",
    "exerciseName": "Skater Hops",
    "id": 46,
    "instruction": "Lateral explosive jumps. Hold land 1s.",
    "round": 5,
    "totalDrills": 4,
    "totalRounds": 5,
    "type": "work",
    "visualRef": "skater.png",
  },
  {
    "blockIndex": 1,
    "blockName": "Endurance Block",
    "duration": 30,
    "id": 47,
    "isRoundTransition": false,
    "nextExercise": "Bird-Dog (on BOSU)",
    "round": 5,
    "totalRounds": 5,
    "type": "rest",
  },
  {
    "blockIndex": 1,
    "blockName": "Endurance Block",
    "drillIndex": 3,
    "duration": 50,
    "exerciseId": "bird_dog",
    "exerciseName": "Bird-Dog (on BOSU)",
    "id": 48,
    "instruction": "Knees on dome. Extend opposite limbs.",
    "round": 5,
    "totalDrills": 4,
    "totalRounds": 5,
    "type": "work",
    "visualRef": "bird_dog.png",
  },
  {
    "id": 49,
    "type": "workout_complete",
    "workoutName": "Thu: Ski Endurance",
  },
]
`;

exports[`Linearizer Golden Master Regression > should produce consistent output for template: test_block_rest_example 1`] = `
[
  {
    "blockIndex": 0,
    "blockName": "Block 1",
    "drillCount": 1,
    "id": 0,
    "rounds": 2,
    "totalBlocks": 2,
    "type": "block_start",
  },
  {
    "blockIndex": 0,
    "blockName": "Block 1",
    "drillIndex": 0,
    "duration": 10,
    "exerciseId": "cat_cow",
    "exerciseName": "Cat-Cow Stretch",
    "id": 1,
    "instruction": "Move spine rhythmically. Breathe deeply.",
    "round": 1,
    "totalDrills": 1,
    "totalRounds": 2,
    "type": "work",
    "visualRef": "cat_cow.png",
  },
  {
    "blockIndex": 0,
    "blockName": "Block 1",
    "duration": 5,
    "id": 2,
    "isRoundTransition": true,
    "nextExercise": "Cat-Cow Stretch",
    "round": 1,
    "totalRounds": 2,
    "type": "rest",
  },
  {
    "blockIndex": 0,
    "blockName": "Block 1",
    "drillIndex": 0,
    "duration": 10,
    "exerciseId": "cat_cow",
    "exerciseName": "Cat-Cow Stretch",
    "id": 3,
    "instruction": "Move spine rhythmically. Breathe deeply.",
    "round": 2,
    "totalDrills": 1,
    "totalRounds": 2,
    "type": "work",
    "visualRef": "cat_cow.png",
  },
  {
    "blockIndex": 0,
    "blockName": "Block 1",
    "duration": 30,
    "id": 4,
    "nextExercise": "Cat-Cow Stretch",
    "type": "block_rest",
  },
  {
    "blockIndex": 1,
    "blockName": "Block 2",
    "drillCount": 1,
    "id": 5,
    "rounds": 1,
    "totalBlocks": 2,
    "type": "block_start",
  },
  {
    "blockIndex": 1,
    "blockName": "Block 2",
    "drillIndex": 0,
    "duration": 10,
    "exerciseId": "cat_cow",
    "exerciseName": "Cat-Cow Stretch",
    "id": 6,
    "instruction": "Move spine rhythmically. Breathe deeply.",
    "round": 1,
    "totalDrills": 1,
    "totalRounds": 1,
    "type": "work",
    "visualRef": "cat_cow.png",
  },
  {
    "id": 7,
    "type": "workout_complete",
    "workoutName": "Test: Block Rest Feature",
  },
]
`;
